---
source: prqlc/prqlc/tests/integration/queries.rs
expression: "from [{track_id=0, album_id=1, genre_id=2}]\nselect { AA=track_id, album_id, genre_id }\nsort AA\njoin side:left [{album_id=1, album_title=\"Songs\"}] (==album_id)\nselect { AA, AT = album_title ?? \"unknown\", genre_id }\nfilter AA < 25\njoin side:left [{genre_id=1, genre_title=\"Rock\"}] (==genre_id)\nselect { AA, AT, GT = genre_title ?? \"unknown\" }\n"
input_file: prqlc/prqlc/tests/integration/queries/sort_3.prql
---
frames:
- - 1:44-86
  - columns:
    - !Single
      name:
      - AA
      target_id: 151
      target_name: null
    - !Single
      name:
      - _literal_145
      - album_id
      target_id: 152
      target_name: null
    - !Single
      name:
      - _literal_145
      - genre_id
      target_id: 153
      target_name: null
    inputs:
    - id: 145
      name: _literal_145
      table:
      - default_db
      - _literal_145
- - 1:87-94
  - columns:
    - !Single
      name:
      - AA
      target_id: 151
      target_name: null
    - !Single
      name:
      - _literal_145
      - album_id
      target_id: 152
      target_name: null
    - !Single
      name:
      - _literal_145
      - genre_id
      target_id: 153
      target_name: null
    inputs:
    - id: 145
      name: _literal_145
      table:
      - default_db
      - _literal_145
- - 1:95-158
  - columns:
    - !Single
      name:
      - AA
      target_id: 151
      target_name: null
    - !Single
      name:
      - _literal_145
      - album_id
      target_id: 152
      target_name: null
    - !Single
      name:
      - _literal_145
      - genre_id
      target_id: 153
      target_name: null
    - !Single
      name:
      - _literal_133
      - album_id
      target_id: 133
      target_name: album_id
    - !Single
      name:
      - _literal_133
      - album_title
      target_id: 133
      target_name: album_title
    inputs:
    - id: 145
      name: _literal_145
      table:
      - default_db
      - _literal_145
    - id: 133
      name: _literal_133
      table:
      - default_db
      - _literal_133
- - 1:159-213
  - columns:
    - !Single
      name:
      - AA
      target_id: 164
      target_name: null
    - !Single
      name:
      - AT
      target_id: 165
      target_name: null
    - !Single
      name:
      - _literal_145
      - genre_id
      target_id: 169
      target_name: null
    inputs:
    - id: 145
      name: _literal_145
      table:
      - default_db
      - _literal_145
    - id: 133
      name: _literal_133
      table:
      - default_db
      - _literal_133
- - 1:214-228
  - columns:
    - !Single
      name:
      - AA
      target_id: 164
      target_name: null
    - !Single
      name:
      - AT
      target_id: 165
      target_name: null
    - !Single
      name:
      - _literal_145
      - genre_id
      target_id: 169
      target_name: null
    inputs:
    - id: 145
      name: _literal_145
      table:
      - default_db
      - _literal_145
    - id: 133
      name: _literal_133
      table:
      - default_db
      - _literal_133
- - 1:229-291
  - columns:
    - !Single
      name:
      - AA
      target_id: 164
      target_name: null
    - !Single
      name:
      - AT
      target_id: 165
      target_name: null
    - !Single
      name:
      - _literal_145
      - genre_id
      target_id: 169
      target_name: null
    - !Single
      name:
      - _literal_120
      - genre_id
      target_id: 120
      target_name: genre_id
    - !Single
      name:
      - _literal_120
      - genre_title
      target_id: 120
      target_name: genre_title
    inputs:
    - id: 145
      name: _literal_145
      table:
      - default_db
      - _literal_145
    - id: 133
      name: _literal_133
      table:
      - default_db
      - _literal_133
    - id: 120
      name: _literal_120
      table:
      - default_db
      - _literal_120
- - 1:292-340
  - columns:
    - !Single
      name:
      - AA
      target_id: 182
      target_name: null
    - !Single
      name:
      - AT
      target_id: 183
      target_name: null
    - !Single
      name:
      - GT
      target_id: 184
      target_name: null
    inputs:
    - id: 145
      name: _literal_145
      table:
      - default_db
      - _literal_145
    - id: 133
      name: _literal_133
      table:
      - default_db
      - _literal_133
    - id: 120
      name: _literal_120
      table:
      - default_db
      - _literal_120
nodes:
- id: 120
  kind: Array
  span: 1:244-278
  children:
  - 121
  parent: 181
- id: 121
  kind: Tuple
  span: 1:245-277
  children:
  - 122
  - 123
  parent: 120
- id: 122
  kind: Literal
  span: 1:255-256
  alias: genre_id
  parent: 121
- id: 123
  kind: Literal
  span: 1:270-276
  alias: genre_title
  parent: 121
- id: 133
  kind: Array
  span: 1:110-145
  children:
  - 134
  parent: 163
- id: 134
  kind: Tuple
  span: 1:111-144
  children:
  - 135
  - 136
  parent: 133
- id: 135
  kind: Literal
  span: 1:121-122
  alias: album_id
  parent: 134
- id: 136
  kind: Literal
  span: 1:136-143
  alias: album_title
  parent: 134
- id: 145
  kind: Array
  span: 1:0-43
  children:
  - 146
  parent: 155
- id: 146
  kind: Tuple
  span: 1:6-42
  children:
  - 147
  - 148
  - 149
  parent: 145
- id: 147
  kind: Literal
  span: 1:16-17
  alias: track_id
  parent: 146
- id: 148
  kind: Literal
  span: 1:28-29
  alias: album_id
  parent: 146
- id: 149
  kind: Literal
  span: 1:40-41
  alias: genre_id
  parent: 146
- id: 151
  kind: Ident
  span: 1:56-64
  alias: AA
  ident: !Ident
  - this
  - _literal_145
  - track_id
  targets:
  - 145
  parent: 154
- id: 152
  kind: Ident
  span: 1:66-74
  ident: !Ident
  - this
  - _literal_145
  - album_id
  targets:
  - 145
  parent: 154
- id: 153
  kind: Ident
  span: 1:76-84
  ident: !Ident
  - this
  - _literal_145
  - genre_id
  targets:
  - 145
  parent: 154
- id: 154
  kind: Tuple
  span: 1:51-86
  children:
  - 151
  - 152
  - 153
  parent: 155
- id: 155
  kind: 'TransformCall: Select'
  span: 1:44-86
  children:
  - 145
  - 154
  parent: 158
- id: 156
  kind: Ident
  span: 1:92-94
  ident: !Ident
  - this
  - AA
  targets:
  - 151
  parent: 158
- id: 158
  kind: 'TransformCall: Sort'
  span: 1:87-94
  children:
  - 155
  - 156
  parent: 163
- id: 159
  kind: RqOperator
  span: 1:147-157
  targets:
  - 161
  - 162
  parent: 163
- id: 161
  kind: Ident
  span: 1:149-157
  ident: !Ident
  - this
  - _literal_145
  - album_id
  targets:
  - 152
- id: 162
  kind: Ident
  span: 1:149-157
  ident: !Ident
  - that
  - _literal_133
  - album_id
  targets:
  - 133
- id: 163
  kind: 'TransformCall: Join'
  span: 1:95-158
  children:
  - 158
  - 133
  - 159
  parent: 171
- id: 164
  kind: Ident
  span: 1:168-170
  ident: !Ident
  - this
  - AA
  targets:
  - 151
  parent: 170
- id: 165
  kind: RqOperator
  span: 1:177-201
  alias: AT
  targets:
  - 167
  - 168
  parent: 170
- id: 167
  kind: Ident
  span: 1:177-188
  ident: !Ident
  - this
  - _literal_133
  - album_title
  targets:
  - 133
- id: 168
  kind: Literal
  span: 1:192-201
- id: 169
  kind: Ident
  span: 1:203-211
  ident: !Ident
  - this
  - _literal_145
  - genre_id
  targets:
  - 153
  parent: 170
- id: 170
  kind: Tuple
  span: 1:166-213
  children:
  - 164
  - 165
  - 169
  parent: 171
- id: 171
  kind: 'TransformCall: Select'
  span: 1:159-213
  children:
  - 163
  - 170
  parent: 176
- id: 172
  kind: RqOperator
  span: 1:221-228
  targets:
  - 174
  - 175
  parent: 176
- id: 174
  kind: Ident
  span: 1:221-223
  ident: !Ident
  - this
  - AA
  targets:
  - 164
- id: 175
  kind: Literal
  span: 1:226-228
- id: 176
  kind: 'TransformCall: Filter'
  span: 1:214-228
  children:
  - 171
  - 172
  parent: 181
- id: 177
  kind: RqOperator
  span: 1:280-290
  targets:
  - 179
  - 180
  parent: 181
- id: 179
  kind: Ident
  span: 1:282-290
  ident: !Ident
  - this
  - _literal_145
  - genre_id
  targets:
  - 169
- id: 180
  kind: Ident
  span: 1:282-290
  ident: !Ident
  - that
  - _literal_120
  - genre_id
  targets:
  - 120
- id: 181
  kind: 'TransformCall: Join'
  span: 1:229-291
  children:
  - 176
  - 120
  - 177
  parent: 189
- id: 182
  kind: Ident
  span: 1:301-303
  ident: !Ident
  - this
  - AA
  targets:
  - 164
  parent: 188
- id: 183
  kind: Ident
  span: 1:305-307
  ident: !Ident
  - this
  - AT
  targets:
  - 165
  parent: 188
- id: 184
  kind: RqOperator
  span: 1:314-338
  alias: GT
  targets:
  - 186
  - 187
  parent: 188
- id: 186
  kind: Ident
  span: 1:314-325
  ident: !Ident
  - this
  - _literal_120
  - genre_title
  targets:
  - 120
- id: 187
  kind: Literal
  span: 1:329-338
- id: 188
  kind: Tuple
  span: 1:299-340
  children:
  - 182
  - 183
  - 184
  parent: 189
- id: 189
  kind: 'TransformCall: Select'
  span: 1:292-340
  children:
  - 181
  - 188
ast:
  name: Project
  stmts:
  - VarDef:
      kind: Main
      name: main
      value:
        Pipeline:
          exprs:
          - FuncCall:
              name:
                Ident:
                - from
                span: 1:0-4
              args:
              - Array:
                - Tuple:
                  - Literal:
                      Integer: 0
                    span: 1:16-17
                    alias: track_id
                  - Literal:
                      Integer: 1
                    span: 1:28-29
                    alias: album_id
                  - Literal:
                      Integer: 2
                    span: 1:40-41
                    alias: genre_id
                  span: 1:6-42
                span: 1:5-43
            span: 1:0-43
          - FuncCall:
              name:
                Ident:
                - select
                span: 1:44-50
              args:
              - Tuple:
                - Ident:
                  - track_id
                  span: 1:56-64
                  alias: AA
                - Ident:
                  - album_id
                  span: 1:66-74
                - Ident:
                  - genre_id
                  span: 1:76-84
                span: 1:51-86
            span: 1:44-86
          - FuncCall:
              name:
                Ident:
                - sort
                span: 1:87-91
              args:
              - Ident:
                - AA
                span: 1:92-94
            span: 1:87-94
          - FuncCall:
              name:
                Ident:
                - join
                span: 1:95-99
              args:
              - Array:
                - Tuple:
                  - Literal:
                      Integer: 1
                    span: 1:121-122
                    alias: album_id
                  - Literal:
                      String: Songs
                    span: 1:136-143
                    alias: album_title
                  span: 1:111-144
                span: 1:110-145
              - Unary:
                  op: EqSelf
                  expr:
                    Ident:
                    - album_id
                    span: 1:149-157
                span: 1:147-157
              named_args:
                side:
                  Ident:
                  - left
                  span: 1:105-109
            span: 1:95-158
          - FuncCall:
              name:
                Ident:
                - select
                span: 1:159-165
              args:
              - Tuple:
                - Ident:
                  - AA
                  span: 1:168-170
                - Binary:
                    left:
                      Ident:
                      - album_title
                      span: 1:177-188
                    op: Coalesce
                    right:
                      Literal:
                        String: unknown
                      span: 1:192-201
                  span: 1:177-201
                  alias: AT
                - Ident:
                  - genre_id
                  span: 1:203-211
                span: 1:166-213
            span: 1:159-213
          - FuncCall:
              name:
                Ident:
                - filter
                span: 1:214-220
              args:
              - Binary:
                  left:
                    Ident:
                    - AA
                    span: 1:221-223
                  op: Lt
                  right:
                    Literal:
                      Integer: 25
                    span: 1:226-228
                span: 1:221-228
            span: 1:214-228
          - FuncCall:
              name:
                Ident:
                - join
                span: 1:229-233
              args:
              - Array:
                - Tuple:
                  - Literal:
                      Integer: 1
                    span: 1:255-256
                    alias: genre_id
                  - Literal:
                      String: Rock
                    span: 1:270-276
                    alias: genre_title
                  span: 1:245-277
                span: 1:244-278
              - Unary:
                  op: EqSelf
                  expr:
                    Ident:
                    - genre_id
                    span: 1:282-290
                span: 1:280-290
              named_args:
                side:
                  Ident:
                  - left
                  span: 1:239-243
            span: 1:229-291
          - FuncCall:
              name:
                Ident:
                - select
                span: 1:292-298
              args:
              - Tuple:
                - Ident:
                  - AA
                  span: 1:301-303
                - Ident:
                  - AT
                  span: 1:305-307
                - Binary:
                    left:
                      Ident:
                      - genre_title
                      span: 1:314-325
                    op: Coalesce
                    right:
                      Literal:
                        String: unknown
                      span: 1:329-338
                  span: 1:314-338
                  alias: GT
                span: 1:299-340
            span: 1:292-340
        span: 1:0-340
    span: 1:0-340
