---
source: prqlc/prqlc/tests/integration/queries.rs
expression: tokens
input_file: prqlc/prqlc/tests/integration/queries/loop_01.prql
---
TokenVec (
  0..47: Comment(" clickhouse:skip (DB::Exception: Syntax error)"),
  47..48: NewLine,
  48..161: Comment(" glaredb:skip (DataFusion does not support recursive CTEs https://github.com/apache/arrow-datafusion/issues/462)"),
  161..162: NewLine,
  162..163: Control('['),
  163..164: Control('{'),
  164..165: Ident("n"),
  166..167: Control('='),
  168..169: Literal(Integer(1)),
  169..170: Control('}'),
  170..171: Control(']'),
  171..172: NewLine,
  172..178: Ident("select"),
  179..180: Ident("n"),
  181..182: Control('='),
  183..184: Ident("n"),
  185..186: Control('-'),
  187..188: Literal(Integer(2)),
  188..189: NewLine,
  189..193: Ident("loop"),
  194..195: Control('('),
  195..201: Ident("filter"),
  202..203: Ident("n"),
  204..205: Control('<'),
  206..207: Literal(Integer(4)),
  208..209: Control('|'),
  210..216: Ident("select"),
  217..218: Ident("n"),
  219..220: Control('='),
  221..222: Ident("n"),
  223..224: Control('+'),
  225..226: Literal(Integer(1)),
  226..227: Control(')'),
  227..228: NewLine,
  228..234: Ident("select"),
  235..236: Ident("n"),
  237..238: Control('='),
  239..240: Ident("n"),
  241..242: Control('*'),
  243..244: Literal(Integer(2)),
  244..245: NewLine,
  245..249: Ident("sort"),
  250..251: Ident("n"),
  251..252: NewLine,
)
