---
source: prqlc/prqlc/tests/integration/queries.rs
expression: "# mssql:test\nfrom tracks\nselect {album_id, genre_id}\ngroup tracks.* (take 1)\nsort tracks.*\n"
input_file: prqlc/prqlc/tests/integration/queries/distinct.prql
---
frames:
- - 1:25-52
  - columns:
    - !Single
      name:
      - tracks
      - album_id
      target_id: 124
      target_name: null
    - !Single
      name:
      - tracks
      - genre_id
      target_id: 125
      target_name: null
    inputs:
    - id: 122
      name: tracks
      table:
      - default_db
      - tracks
- - 1:69-75
  - columns:
    - !Single
      name:
      - tracks
      - album_id
      target_id: 129
      target_name: null
    - !Single
      name:
      - tracks
      - genre_id
      target_id: 130
      target_name: null
    inputs:
    - id: 122
      name: tracks
      table:
      - default_db
      - tracks
- - 1:77-90
  - columns:
    - !Single
      name:
      - tracks
      - album_id
      target_id: 129
      target_name: null
    - !Single
      name:
      - tracks
      - genre_id
      target_id: 130
      target_name: null
    inputs:
    - id: 122
      name: tracks
      table:
      - default_db
      - tracks
nodes:
- id: 122
  kind: Ident
  span: 1:13-24
  ident: !Ident
  - default_db
  - tracks
  parent: 127
- id: 124
  kind: Ident
  span: 1:33-41
  ident: !Ident
  - this
  - tracks
  - album_id
  targets:
  - 122
  parent: 126
- id: 125
  kind: Ident
  span: 1:43-51
  ident: !Ident
  - this
  - tracks
  - genre_id
  targets:
  - 122
  parent: 126
- id: 126
  kind: Tuple
  span: 1:32-52
  children:
  - 124
  - 125
  parent: 127
- id: 127
  kind: 'TransformCall: Select'
  span: 1:25-52
  children:
  - 122
  - 126
  parent: 148
- id: 129
  kind: Ident
  ident: !Ident
  - this
  - tracks
  - album_id
  targets:
  - 124
  parent: 131
- id: 130
  kind: Ident
  ident: !Ident
  - this
  - tracks
  - genre_id
  targets:
  - 125
  parent: 131
- id: 131
  kind: Tuple
  span: 1:59-67
  children:
  - 129
  - 130
- id: 148
  kind: 'TransformCall: Take'
  span: 1:69-75
  children:
  - 127
  - 149
  parent: 156
- id: 149
  kind: Literal
  parent: 148
- id: 153
  kind: Ident
  ident: !Ident
  - this
  - tracks
  - album_id
  targets:
  - 129
  parent: 156
- id: 154
  kind: Ident
  ident: !Ident
  - this
  - tracks
  - genre_id
  targets:
  - 130
  parent: 156
- id: 156
  kind: 'TransformCall: Sort'
  span: 1:77-90
  children:
  - 148
  - 153
  - 154
ast:
  name: Project
  stmts:
  - VarDef:
      kind: Main
      name: main
      value:
        Pipeline:
          exprs:
          - FuncCall:
              name:
                Ident:
                - from
                span: 1:13-17
              args:
              - Ident:
                - tracks
                span: 1:18-24
            span: 1:13-24
          - FuncCall:
              name:
                Ident:
                - select
                span: 1:25-31
              args:
              - Tuple:
                - Ident:
                  - album_id
                  span: 1:33-41
                - Ident:
                  - genre_id
                  span: 1:43-51
                span: 1:32-52
            span: 1:25-52
          - FuncCall:
              name:
                Ident:
                - group
                span: 1:53-58
              args:
              - Ident:
                - tracks
                - '*'
                span: 1:59-67
              - FuncCall:
                  name:
                    Ident:
                    - take
                    span: 1:69-73
                  args:
                  - Literal:
                      Integer: 1
                    span: 1:74-75
                span: 1:69-75
            span: 1:53-76
          - FuncCall:
              name:
                Ident:
                - sort
                span: 1:77-81
              args:
              - Ident:
                - tracks
                - '*'
                span: 1:82-90
            span: 1:77-90
        span: 1:13-90
    span: 1:0-90
