---
source: prqlc/prqlc/tests/integration/queries.rs
expression: tokens
input_file: prqlc/prqlc/tests/integration/queries/append_select.prql
---
Tokens(
    [
        0..0: Start,
        0..4: Ident("from"),
        5..13: Ident("invoices"),
        13..14: NewLine,
        14..20: Ident("select"),
        21..22: Control('{'),
        23..34: Ident("customer_id"),
        34..35: Control(','),
        36..46: Ident("invoice_id"),
        46..47: Control(','),
        48..63: Ident("billing_country"),
        64..65: Control('}'),
        65..66: NewLine,
        66..70: Ident("take"),
        71..73: Literal(Integer(10)),
        73..75: Range { bind_left: true, bind_right: true },
        75..77: Literal(Integer(15)),
        77..78: NewLine,
        78..84: Ident("append"),
        85..86: Control('('),
        86..87: NewLine,
        89..93: Ident("from"),
        94..102: Ident("invoices"),
        102..103: NewLine,
        105..111: Ident("select"),
        112..113: Control('{'),
        114..125: Ident("customer_id"),
        125..126: Control(','),
        127..137: Ident("invoice_id"),
        137..138: Control(','),
        139..154: Ident("billing_country"),
        155..156: Control('}'),
        156..157: NewLine,
        159..163: Ident("take"),
        164..166: Literal(Integer(40)),
        166..168: Range { bind_left: true, bind_right: true },
        168..170: Literal(Integer(45)),
        170..171: NewLine,
        171..172: Control(')'),
        172..173: NewLine,
        173..179: Ident("select"),
        180..181: Control('{'),
        182..197: Ident("billing_country"),
        197..198: Control(','),
        199..209: Ident("invoice_id"),
        210..211: Control('}'),
        211..212: NewLine,
    ],
)
