---
source: prqlc/prqlc/tests/integration/queries.rs
expression: "from invoices\nselect {an_id = invoice_id, name = null}\ntake 2\nappend (\n  from employees\n  select {an_id = null, name = first_name}\n  take 2\n)\n"
input_file: prqlc/prqlc/tests/integration/queries/append_select_nulls.prql
---
frames:
- - 1:14-54
  - columns:
    - !Single
      name:
      - an_id
      target_id: 145
      target_name: null
    - !Single
      name:
      - name
      target_id: 146
      target_name: null
    inputs:
    - id: 143
      name: invoices
      table:
      - default_db
      - invoices
- - 1:55-61
  - columns:
    - !Single
      name:
      - an_id
      target_id: 145
      target_name: null
    - !Single
      name:
      - name
      target_id: 146
      target_name: null
    inputs:
    - id: 143
      name: invoices
      table:
      - default_db
      - invoices
- - 1:90-130
  - columns:
    - !Single
      name:
      - an_id
      target_id: 128
      target_name: null
    - !Single
      name:
      - name
      target_id: 129
      target_name: null
    inputs:
    - id: 126
      name: employees
      table:
      - default_db
      - employees
- - 1:133-139
  - columns:
    - !Single
      name:
      - an_id
      target_id: 128
      target_name: null
    - !Single
      name:
      - name
      target_id: 129
      target_name: null
    inputs:
    - id: 126
      name: employees
      table:
      - default_db
      - employees
- - 1:62-141
  - columns:
    - !Single
      name:
      - an_id
      target_id: 145
      target_name: null
    - !Single
      name:
      - name
      target_id: 146
      target_name: null
    inputs:
    - id: 143
      name: invoices
      table:
      - default_db
      - invoices
    - id: 126
      name: employees
      table:
      - default_db
      - employees
nodes:
- id: 126
  kind: Ident
  span: 1:73-87
  ident: !Ident
  - default_db
  - employees
  parent: 131
- id: 128
  kind: Literal
  span: 1:106-110
  alias: an_id
  parent: 130
- id: 129
  kind: Ident
  span: 1:119-129
  alias: name
  ident: !Ident
  - this
  - employees
  - first_name
  targets:
  - 126
  parent: 130
- id: 130
  kind: Tuple
  span: 1:97-130
  children:
  - 128
  - 129
  parent: 131
- id: 131
  kind: 'TransformCall: Select'
  span: 1:90-130
  children:
  - 126
  - 130
  parent: 133
- id: 133
  kind: 'TransformCall: Take'
  span: 1:133-139
  children:
  - 131
  - 134
  parent: 152
- id: 134
  kind: Literal
  parent: 133
- id: 143
  kind: Ident
  span: 1:0-13
  ident: !Ident
  - default_db
  - invoices
  parent: 148
- id: 145
  kind: Ident
  span: 1:30-40
  alias: an_id
  ident: !Ident
  - this
  - invoices
  - invoice_id
  targets:
  - 143
  parent: 147
- id: 146
  kind: Literal
  span: 1:49-53
  alias: name
  parent: 147
- id: 147
  kind: Tuple
  span: 1:21-54
  children:
  - 145
  - 146
  parent: 148
- id: 148
  kind: 'TransformCall: Select'
  span: 1:14-54
  children:
  - 143
  - 147
  parent: 150
- id: 150
  kind: 'TransformCall: Take'
  span: 1:55-61
  children:
  - 148
  - 151
  parent: 152
- id: 151
  kind: Literal
  parent: 150
- id: 152
  kind: 'TransformCall: Append'
  span: 1:62-141
  children:
  - 150
  - 133
ast:
  name: Project
  stmts:
  - VarDef:
      kind: Main
      name: main
      value:
        Pipeline:
          exprs:
          - FuncCall:
              name:
                Ident:
                - from
                span: 1:0-4
              args:
              - Ident:
                - invoices
                span: 1:5-13
            span: 1:0-13
          - FuncCall:
              name:
                Ident:
                - select
                span: 1:14-20
              args:
              - Tuple:
                - Ident:
                  - invoice_id
                  span: 1:30-40
                  alias: an_id
                - Literal: 'Null'
                  span: 1:49-53
                  alias: name
                span: 1:21-54
            span: 1:14-54
          - FuncCall:
              name:
                Ident:
                - take
                span: 1:55-59
              args:
              - Literal:
                  Integer: 2
                span: 1:60-61
            span: 1:55-61
          - FuncCall:
              name:
                Ident:
                - append
                span: 1:62-68
              args:
              - Pipeline:
                  exprs:
                  - FuncCall:
                      name:
                        Ident:
                        - from
                        span: 1:73-77
                      args:
                      - Ident:
                        - employees
                        span: 1:78-87
                    span: 1:73-87
                  - FuncCall:
                      name:
                        Ident:
                        - select
                        span: 1:90-96
                      args:
                      - Tuple:
                        - Literal: 'Null'
                          span: 1:106-110
                          alias: an_id
                        - Ident:
                          - first_name
                          span: 1:119-129
                          alias: name
                        span: 1:97-130
                    span: 1:90-130
                  - FuncCall:
                      name:
                        Ident:
                        - take
                        span: 1:133-137
                      args:
                      - Literal:
                          Integer: 2
                        span: 1:138-139
                    span: 1:133-139
                span: 1:73-139
            span: 1:62-141
        span: 1:0-141
    span: 1:0-141
