---
source: prqlc/prqlc/tests/integration/queries.rs
expression: tokens
input_file: prqlc/prqlc/tests/integration/queries/math_module.prql
---
TokenVec (
  0..12: Comment(" mssql:test"),
  12..13: NewLine,
  13..81: Comment(" sqlite:skip (see https://github.com/rusqlite/rusqlite/issues/1211)"),
  81..82: NewLine,
  82..86: Ident("from"),
  87..89: Ident("db"),
  89..90: Control('.'),
  90..98: Ident("invoices"),
  98..99: NewLine,
  99..103: Ident("take"),
  104..105: Literal(Integer(5)),
  105..106: NewLine,
  106..112: Ident("select"),
  113..114: Control('{'),
  114..115: NewLine,
  119..133: Ident("total_original"),
  134..135: Control('='),
  136..141: Ident("total"),
  142..143: Control('|'),
  144..147: Ident("std"),
  147..148: Control('.'),
  148..152: Ident("math"),
  152..153: Control('.'),
  153..158: Ident("round"),
  159..160: Literal(Integer(2)),
  160..161: Control(','),
  161..162: NewLine,
  166..173: Ident("total_x"),
  174..175: Control('='),
  176..179: Ident("std"),
  179..180: Control('.'),
  180..184: Ident("math"),
  184..185: Control('.'),
  185..187: Ident("pi"),
  188..189: Control('-'),
  190..195: Ident("total"),
  196..197: Control('|'),
  198..201: Ident("std"),
  201..202: Control('.'),
  202..206: Ident("math"),
  206..207: Control('.'),
  207..212: Ident("round"),
  213..214: Literal(Integer(2)),
  215..216: Control('|'),
  217..220: Ident("std"),
  220..221: Control('.'),
  221..225: Ident("math"),
  225..226: Control('.'),
  226..229: Ident("abs"),
  229..230: Control(','),
  230..231: NewLine,
  235..246: Ident("total_floor"),
  247..248: Control('='),
  249..252: Ident("std"),
  252..253: Control('.'),
  253..257: Ident("math"),
  257..258: Control('.'),
  258..263: Ident("floor"),
  264..269: Ident("total"),
  269..270: Control(','),
  270..271: NewLine,
  275..285: Ident("total_ceil"),
  286..287: Control('='),
  288..291: Ident("std"),
  291..292: Control('.'),
  292..296: Ident("math"),
  296..297: Control('.'),
  297..301: Ident("ceil"),
  302..307: Ident("total"),
  307..308: Control(','),
  308..309: NewLine,
  313..324: Ident("total_log10"),
  325..326: Control('='),
  327..330: Ident("std"),
  330..331: Control('.'),
  331..335: Ident("math"),
  335..336: Control('.'),
  336..341: Ident("log10"),
  342..347: Ident("total"),
  348..349: Control('|'),
  350..353: Ident("std"),
  353..354: Control('.'),
  354..358: Ident("math"),
  358..359: Control('.'),
  359..364: Ident("round"),
  365..366: Literal(Integer(3)),
  366..367: Control(','),
  367..368: NewLine,
  372..382: Ident("total_log2"),
  383..384: Control('='),
  385..388: Ident("std"),
  388..389: Control('.'),
  389..393: Ident("math"),
  393..394: Control('.'),
  394..397: Ident("log"),
  398..399: Literal(Integer(2)),
  400..405: Ident("total"),
  406..407: Control('|'),
  408..411: Ident("std"),
  411..412: Control('.'),
  412..416: Ident("math"),
  416..417: Control('.'),
  417..422: Ident("round"),
  423..424: Literal(Integer(3)),
  424..425: Control(','),
  425..426: NewLine,
  430..440: Ident("total_sqrt"),
  441..442: Control('='),
  443..446: Ident("std"),
  446..447: Control('.'),
  447..451: Ident("math"),
  451..452: Control('.'),
  452..456: Ident("sqrt"),
  457..462: Ident("total"),
  463..464: Control('|'),
  465..468: Ident("std"),
  468..469: Control('.'),
  469..473: Ident("math"),
  473..474: Control('.'),
  474..479: Ident("round"),
  480..481: Literal(Integer(3)),
  481..482: Control(','),
  482..483: NewLine,
  487..495: Ident("total_ln"),
  496..497: Control('='),
  498..501: Ident("std"),
  501..502: Control('.'),
  502..506: Ident("math"),
  506..507: Control('.'),
  507..509: Ident("ln"),
  510..515: Ident("total"),
  516..517: Control('|'),
  518..521: Ident("std"),
  521..522: Control('.'),
  522..526: Ident("math"),
  526..527: Control('.'),
  527..530: Ident("exp"),
  531..532: Control('|'),
  533..536: Ident("std"),
  536..537: Control('.'),
  537..541: Ident("math"),
  541..542: Control('.'),
  542..547: Ident("round"),
  548..549: Literal(Integer(2)),
  549..550: Control(','),
  550..551: NewLine,
  555..564: Ident("total_cos"),
  565..566: Control('='),
  567..570: Ident("std"),
  570..571: Control('.'),
  571..575: Ident("math"),
  575..576: Control('.'),
  576..579: Ident("cos"),
  580..585: Ident("total"),
  586..587: Control('|'),
  588..591: Ident("std"),
  591..592: Control('.'),
  592..596: Ident("math"),
  596..597: Control('.'),
  597..601: Ident("acos"),
  602..603: Control('|'),
  604..607: Ident("std"),
  607..608: Control('.'),
  608..612: Ident("math"),
  612..613: Control('.'),
  613..618: Ident("round"),
  619..620: Literal(Integer(2)),
  620..621: Control(','),
  621..622: NewLine,
  626..635: Ident("total_sin"),
  636..637: Control('='),
  638..641: Ident("std"),
  641..642: Control('.'),
  642..646: Ident("math"),
  646..647: Control('.'),
  647..650: Ident("sin"),
  651..656: Ident("total"),
  657..658: Control('|'),
  659..662: Ident("std"),
  662..663: Control('.'),
  663..667: Ident("math"),
  667..668: Control('.'),
  668..672: Ident("asin"),
  673..674: Control('|'),
  675..678: Ident("std"),
  678..679: Control('.'),
  679..683: Ident("math"),
  683..684: Control('.'),
  684..689: Ident("round"),
  690..691: Literal(Integer(2)),
  691..692: Control(','),
  692..693: NewLine,
  697..706: Ident("total_tan"),
  707..708: Control('='),
  709..712: Ident("std"),
  712..713: Control('.'),
  713..717: Ident("math"),
  717..718: Control('.'),
  718..721: Ident("tan"),
  722..727: Ident("total"),
  728..729: Control('|'),
  730..733: Ident("std"),
  733..734: Control('.'),
  734..738: Ident("math"),
  738..739: Control('.'),
  739..743: Ident("atan"),
  744..745: Control('|'),
  746..749: Ident("std"),
  749..750: Control('.'),
  750..754: Ident("math"),
  754..755: Control('.'),
  755..760: Ident("round"),
  761..762: Literal(Integer(2)),
  762..763: Control(','),
  763..764: NewLine,
  768..777: Ident("total_deg"),
  778..779: Control('='),
  780..785: Ident("total"),
  786..787: Control('|'),
  788..791: Ident("std"),
  791..792: Control('.'),
  792..796: Ident("math"),
  796..797: Control('.'),
  797..804: Ident("degrees"),
  805..806: Control('|'),
  807..810: Ident("std"),
  810..811: Control('.'),
  811..815: Ident("math"),
  815..816: Control('.'),
  816..823: Ident("radians"),
  824..825: Control('|'),
  826..829: Ident("std"),
  829..830: Control('.'),
  830..834: Ident("math"),
  834..835: Control('.'),
  835..840: Ident("round"),
  841..842: Literal(Integer(2)),
  842..843: Control(','),
  843..844: NewLine,
  848..860: Ident("total_square"),
  861..862: Control('='),
  863..868: Ident("total"),
  869..870: Control('|'),
  871..874: Ident("std"),
  874..875: Control('.'),
  875..879: Ident("math"),
  879..880: Control('.'),
  880..883: Ident("pow"),
  884..885: Literal(Integer(2)),
  885..886: Control('|'),
  887..890: Ident("std"),
  890..891: Control('.'),
  891..895: Ident("math"),
  895..896: Control('.'),
  896..901: Ident("round"),
  902..903: Literal(Integer(2)),
  903..904: Control(','),
  904..905: NewLine,
  905..906: Control('}'),
  906..907: NewLine,
)
