---
source: prqlc/prqlc/tests/integration/queries.rs
expression: tokens
input_file: prqlc/prqlc/tests/integration/queries/group_sort_limit_take.prql
---
TokenVec (
  0..62: Comment(" Compute the 3 longest songs for each genre and sort by genre"),
  62..63: NewLine,
  63..75: Comment(" mssql:test"),
  75..76: NewLine,
  76..80: Ident("from"),
  81..83: Ident("db"),
  83..84: Control('.'),
  84..90: Ident("tracks"),
  90..91: NewLine,
  91..97: Ident("select"),
  98..99: Control('{'),
  99..107: Ident("genre_id"),
  107..108: Control(','),
  108..120: Ident("milliseconds"),
  120..121: Control('}'),
  121..122: NewLine,
  122..127: Ident("group"),
  128..129: Control('{'),
  129..137: Ident("genre_id"),
  137..138: Control('}'),
  139..140: Control('('),
  140..141: NewLine,
  143..147: Ident("sort"),
  148..149: Control('{'),
  149..150: Control('-'),
  150..162: Ident("milliseconds"),
  162..163: Control('}'),
  163..164: NewLine,
  166..170: Ident("take"),
  171..172: Literal(Integer(3)),
  172..173: NewLine,
  173..174: Control(')'),
  174..175: NewLine,
  175..179: Ident("join"),
  180..182: Ident("db"),
  182..183: Control('.'),
  183..189: Ident("genres"),
  190..191: Control('('),
  191..193: Eq,
  193..201: Ident("genre_id"),
  201..202: Control(')'),
  202..203: NewLine,
  203..209: Ident("select"),
  210..211: Control('{'),
  211..215: Ident("name"),
  215..216: Control(','),
  217..229: Ident("milliseconds"),
  229..230: Control('}'),
  230..231: NewLine,
  231..235: Ident("sort"),
  236..237: Control('{'),
  237..238: Control('+'),
  238..242: Ident("name"),
  242..243: Control(','),
  243..244: Control('-'),
  244..256: Ident("milliseconds"),
  256..257: Control('}'),
  257..258: NewLine,
)
