---
source: prqlc/prqlc/tests/integration/queries.rs
expression: "# mssql:test\nfrom tracks\nselect {album_id, genre_id}\ngroup tracks.* (take 1)\nsort tracks.*\n"
input_file: prqlc/prqlc/tests/integration/queries/distinct.prql
---
frames:
- - 1:25-52
  - columns:
    - !Single
      name:
      - tracks
      - album_id
      target_id: 14
      target_name: null
    - !Single
      name:
      - tracks
      - genre_id
      target_id: 15
      target_name: null
    inputs:
    - id: 13
      name: tracks
      table:
      - default_db
      - tracks
- - 1:69-75
  - columns:
    - !Single
      name:
      - tracks
      - album_id
      target_id: 19
      target_name: null
    - !Single
      name:
      - tracks
      - genre_id
      target_id: 20
      target_name: null
    inputs:
    - id: 13
      name: tracks
      table:
      - default_db
      - tracks
- - 1:77-90
  - columns:
    - !Single
      name:
      - tracks
      - album_id
      target_id: 19
      target_name: null
    - !Single
      name:
      - tracks
      - genre_id
      target_id: 20
      target_name: null
    inputs:
    - id: 13
      name: tracks
      table:
      - default_db
      - tracks
nodes:
- id: 13
  kind: Ident
  span: 1:13-24
  ident: !Ident
  - default_db
  - tracks
  parent: 17
- id: 14
  kind: Ident
  span: 1:33-41
  ident: !Ident
  - this
  - tracks
  - album_id
  targets:
  - 13
  parent: 16
- id: 15
  kind: Ident
  span: 1:43-51
  ident: !Ident
  - this
  - tracks
  - genre_id
  targets:
  - 13
  parent: 16
- id: 16
  kind: Tuple
  span: 1:32-52
  children:
  - 14
  - 15
  parent: 17
- id: 17
  kind: 'TransformCall: Select'
  span: 1:25-52
  children:
  - 13
  - 16
  parent: 38
- id: 19
  kind: Ident
  ident: !Ident
  - this
  - tracks
  - album_id
  targets:
  - 14
  parent: 21
- id: 20
  kind: Ident
  ident: !Ident
  - this
  - tracks
  - genre_id
  targets:
  - 15
  parent: 21
- id: 21
  kind: Tuple
  span: 1:59-67
  children:
  - 19
  - 20
- id: 38
  kind: 'TransformCall: Take'
  span: 1:69-75
  children:
  - 17
  - 39
  parent: 46
- id: 39
  kind: Literal
  parent: 38
- id: 43
  kind: Ident
  ident: !Ident
  - this
  - tracks
  - album_id
  targets:
  - 19
  parent: 46
- id: 44
  kind: Ident
  ident: !Ident
  - this
  - tracks
  - genre_id
  targets:
  - 20
  parent: 46
- id: 46
  kind: 'TransformCall: Sort'
  span: 1:77-90
  children:
  - 38
  - 43
  - 44
ast:
  name: Project
  stmts:
  - VarDef:
      kind: Main
      name: main
      value:
        Pipeline:
          exprs:
          - FuncCall:
              name:
                Ident:
                - from
                span: 1:13-17
              args:
              - Ident:
                - tracks
                span: 1:18-24
            span: 1:13-24
          - FuncCall:
              name:
                Ident:
                - select
                span: 1:25-31
              args:
              - Tuple:
                - Ident:
                  - album_id
                  span: 1:33-41
                - Ident:
                  - genre_id
                  span: 1:43-51
                span: 1:32-52
            span: 1:25-52
          - FuncCall:
              name:
                Ident:
                - group
                span: 1:53-58
              args:
              - Ident:
                - tracks
                - '*'
                span: 1:59-67
              - FuncCall:
                  name:
                    Ident:
                    - take
                    span: 1:69-73
                  args:
                  - Literal:
                      Integer: 1
                    span: 1:74-75
                span: 1:69-75
            span: 1:53-76
          - FuncCall:
              name:
                Ident:
                - sort
                span: 1:77-81
              args:
              - Ident:
                - tracks
                - '*'
                span: 1:82-90
            span: 1:77-90
        span: 1:13-90
    span: 1:0-90
