---
source: prqlc/prqlc/tests/integration/queries.rs
expression: "# mysql:skip\n# clickhouse:skip\n# glaredb:skip (the string_agg function is not supported)\nfrom tracks\nfilter genre_id == 100\nderive empty_name = name == ''\naggregate {sum track_id, concat_array name, all empty_name, any empty_name}\n"
input_file: prqlc/prqlc/tests/integration/queries/aggregation.prql
---
frames:
- - 1:101-123
  - columns:
    - !All
      input_id: 121
      except: []
    inputs:
    - id: 121
      name: tracks
      table:
      - default_db
      - tracks
- - 1:124-154
  - columns:
    - !All
      input_id: 121
      except: []
    - !Single
      name:
      - empty_name
      target_id: 128
      target_name: null
    inputs:
    - id: 121
      name: tracks
      table:
      - default_db
      - tracks
- - 1:155-230
  - columns:
    - !Single
      name: null
      target_id: 134
      target_name: null
    - !Single
      name: null
      target_id: 137
      target_name: null
    - !Single
      name: null
      target_id: 140
      target_name: null
    - !Single
      name: null
      target_id: 143
      target_name: null
    inputs:
    - id: 121
      name: tracks
      table:
      - default_db
      - tracks
nodes:
- id: 121
  kind: Ident
  span: 1:89-100
  ident: !Ident
  - default_db
  - tracks
  parent: 127
- id: 123
  kind: RqOperator
  span: 1:108-123
  targets:
  - 125
  - 126
  parent: 127
- id: 125
  kind: Ident
  span: 1:108-116
  ident: !Ident
  - this
  - tracks
  - genre_id
  targets:
  - 121
- id: 126
  kind: Literal
  span: 1:120-123
- id: 127
  kind: 'TransformCall: Filter'
  span: 1:101-123
  children:
  - 121
  - 123
  parent: 133
- id: 128
  kind: RqOperator
  span: 1:144-154
  alias: empty_name
  targets:
  - 130
  - 131
  parent: 132
- id: 130
  kind: Ident
  span: 1:144-148
  ident: !Ident
  - this
  - tracks
  - name
  targets:
  - 121
- id: 131
  kind: Literal
  span: 1:152-154
- id: 132
  kind: Tuple
  span: 1:144-154
  children:
  - 128
  parent: 133
- id: 133
  kind: 'TransformCall: Derive'
  span: 1:124-154
  children:
  - 127
  - 132
  parent: 147
- id: 134
  kind: RqOperator
  span: 1:166-178
  targets:
  - 136
  parent: 146
- id: 136
  kind: Ident
  span: 1:170-178
  ident: !Ident
  - this
  - tracks
  - track_id
  targets:
  - 121
- id: 137
  kind: RqOperator
  span: 1:180-197
  targets:
  - 139
  parent: 146
- id: 139
  kind: Ident
  span: 1:193-197
  ident: !Ident
  - this
  - tracks
  - name
  targets:
  - 121
- id: 140
  kind: RqOperator
  span: 1:199-213
  targets:
  - 142
  parent: 146
- id: 142
  kind: Ident
  span: 1:203-213
  ident: !Ident
  - this
  - empty_name
  targets:
  - 128
- id: 143
  kind: RqOperator
  span: 1:215-229
  targets:
  - 145
  parent: 146
- id: 145
  kind: Ident
  span: 1:219-229
  ident: !Ident
  - this
  - empty_name
  targets:
  - 128
- id: 146
  kind: Tuple
  span: 1:165-230
  children:
  - 134
  - 137
  - 140
  - 143
  parent: 147
- id: 147
  kind: 'TransformCall: Aggregate'
  span: 1:155-230
  children:
  - 133
  - 146
ast:
  name: Project
  stmts:
  - VarDef:
      kind: Main
      name: main
      value:
        Pipeline:
          exprs:
          - FuncCall:
              name:
                Ident:
                - from
                span: 1:89-93
              args:
              - Ident:
                - tracks
                span: 1:94-100
            span: 1:89-100
          - FuncCall:
              name:
                Ident:
                - filter
                span: 1:101-107
              args:
              - Binary:
                  left:
                    Ident:
                    - genre_id
                    span: 1:108-116
                  op: Eq
                  right:
                    Literal:
                      Integer: 100
                    span: 1:120-123
                span: 1:108-123
            span: 1:101-123
          - FuncCall:
              name:
                Ident:
                - derive
                span: 1:124-130
              args:
              - Binary:
                  left:
                    Ident:
                    - name
                    span: 1:144-148
                  op: Eq
                  right:
                    Literal:
                      String: ''
                    span: 1:152-154
                span: 1:144-154
                alias: empty_name
            span: 1:124-154
          - FuncCall:
              name:
                Ident:
                - aggregate
                span: 1:155-164
              args:
              - Tuple:
                - FuncCall:
                    name:
                      Ident:
                      - sum
                      span: 1:166-169
                    args:
                    - Ident:
                      - track_id
                      span: 1:170-178
                  span: 1:166-178
                - FuncCall:
                    name:
                      Ident:
                      - concat_array
                      span: 1:180-192
                    args:
                    - Ident:
                      - name
                      span: 1:193-197
                  span: 1:180-197
                - FuncCall:
                    name:
                      Ident:
                      - all
                      span: 1:199-202
                    args:
                    - Ident:
                      - empty_name
                      span: 1:203-213
                  span: 1:199-213
                - FuncCall:
                    name:
                      Ident:
                      - any
                      span: 1:215-218
                    args:
                    - Ident:
                      - empty_name
                      span: 1:219-229
                  span: 1:215-229
                span: 1:165-230
            span: 1:155-230
        span: 1:89-230
    span: 1:0-230
