---
source: prqlc/prqlc/tests/integration/queries.rs
expression: "# mssql:test\nlet distinct = rel -> (from t = _param.rel | group {t.*} (take 1))\n\nfrom_text format:json '{ \"columns\": [\"a\"], \"data\": [[1], [2], [2], [3]] }'\ndistinct\nremove (from_text format:json '{ \"columns\": [\"a\"], \"data\": [[1], [2]] }')\nsort a\n"
input_file: prqlc/prqlc/tests/integration/queries/set_ops_remove.prql
---
frames:
- - 1:71-77
  - columns:
    - !Single
      name:
      - t
      - a
      target_id: 133
      target_name: null
    inputs:
    - id: 124
      name: t
      table:
      - default_db
      - _literal_124
- - 0:3163-3240
  - columns:
    - !Single
      name:
      - t
      - a
      target_id: 133
      target_name: null
    - !Single
      name:
      - b
      - a
      target_id: 119
      target_name: a
    inputs:
    - id: 124
      name: t
      table:
      - default_db
      - _literal_124
    - id: 119
      name: b
      table:
      - default_db
      - _literal_119
- - 0:3243-3288
  - columns:
    - !Single
      name:
      - t
      - a
      target_id: 133
      target_name: null
    - !Single
      name:
      - b
      - a
      target_id: 119
      target_name: a
    inputs:
    - id: 124
      name: t
      table:
      - default_db
      - _literal_124
    - id: 119
      name: b
      table:
      - default_db
      - _literal_119
- - 1:165-238
  - columns:
    - !Single
      name:
      - t
      - a
      target_id: 204
      target_name: null
    inputs:
    - id: 124
      name: t
      table:
      - default_db
      - _literal_124
    - id: 119
      name: b
      table:
      - default_db
      - _literal_119
- - 1:239-245
  - columns:
    - !Single
      name:
      - t
      - a
      target_id: 204
      target_name: null
    inputs:
    - id: 124
      name: t
      table:
      - default_db
      - _literal_124
    - id: 119
      name: b
      table:
      - default_db
      - _literal_119
nodes:
- id: 119
  kind: Array
  span: 1:173-237
  parent: 186
- id: 124
  kind: Array
  span: 1:36-55
  parent: 151
- id: 133
  kind: Ident
  ident: !Ident
  - this
  - t
  - a
  targets:
  - 124
  parent: 135
- id: 135
  kind: Tuple
  span: 1:64-69
  children:
  - 133
- id: 151
  kind: 'TransformCall: Take'
  span: 1:71-77
  children:
  - 124
  - 152
  parent: 186
- id: 152
  kind: Literal
  parent: 151
- id: 175
  kind: Ident
  ident: !Ident
  - this
  - t
  - a
  targets:
  - 133
- id: 178
  kind: Ident
  ident: !Ident
  - that
  - b
  - a
  targets:
  - 119
- id: 184
  kind: RqOperator
  span: 0:3192-3239
  targets:
  - 175
  - 178
  parent: 186
- id: 186
  kind: 'TransformCall: Join'
  span: 0:3163-3240
  children:
  - 151
  - 119
  - 184
  parent: 202
- id: 194
  kind: Ident
  span: 0:5987-5989
  ident: !Ident
  - this
  - b
  - a
  targets:
  - 119
- id: 198
  kind: RqOperator
  span: 0:3251-3287
  targets:
  - 194
  - 201
  parent: 202
- id: 201
  kind: Literal
  span: 0:5993-5997
- id: 202
  kind: 'TransformCall: Filter'
  span: 0:3243-3288
  children:
  - 186
  - 198
  parent: 206
- id: 204
  kind: Ident
  ident: !Ident
  - this
  - t
  - a
  targets:
  - 133
  parent: 205
- id: 205
  kind: Tuple
  span: 0:3299-3301
  children:
  - 204
  parent: 206
- id: 206
  kind: 'TransformCall: Select'
  span: 1:165-238
  children:
  - 202
  - 205
  parent: 209
- id: 207
  kind: Ident
  span: 1:244-245
  ident: !Ident
  - this
  - t
  - a
  targets:
  - 204
  parent: 209
- id: 209
  kind: 'TransformCall: Sort'
  span: 1:239-245
  children:
  - 206
  - 207
ast:
  name: Project
  stmts:
  - VarDef:
      kind: Let
      name: distinct
      value:
        Func:
          return_ty: null
          body:
            Pipeline:
              exprs:
              - FuncCall:
                  name:
                    Ident: from
                    span: 1:36-40
                  args:
                  - Indirection:
                      base:
                        Ident: _param
                        span: 1:45-51
                      field: !Name rel
                    span: 1:51-55
                    alias: t
                span: 1:36-55
              - FuncCall:
                  name:
                    Ident: group
                    span: 1:58-63
                  args:
                  - Tuple:
                    - Indirection:
                        base:
                          Ident: t
                          span: 1:65-66
                        field: Star
                      span: 1:65-68
                    span: 1:64-69
                  - FuncCall:
                      name:
                        Ident: take
                        span: 1:71-75
                      args:
                      - Literal:
                          Integer: 1
                        span: 1:76-77
                    span: 1:71-77
                span: 1:58-78
            span: 1:35-79
          params:
          - name: rel
            default_value: null
          named_params: []
          generic_type_params: []
        span: 1:28-79
    span: 1:0-79
  - VarDef:
      kind: Main
      name: main
      value:
        Pipeline:
          exprs:
          - FuncCall:
              name:
                Ident: from_text
                span: 1:81-90
              args:
              - Literal:
                  String: '{ "columns": ["a"], "data": [[1], [2], [2], [3]] }'
                span: 1:103-155
              named_args:
                format:
                  Ident: json
                  span: 1:98-102
            span: 1:81-155
          - Ident: distinct
            span: 1:156-164
          - FuncCall:
              name:
                Ident: remove
                span: 1:165-171
              args:
              - FuncCall:
                  name:
                    Ident: from_text
                    span: 1:173-182
                  args:
                  - Literal:
                      String: '{ "columns": ["a"], "data": [[1], [2]] }'
                    span: 1:195-237
                  named_args:
                    format:
                      Ident: json
                      span: 1:190-194
                span: 1:173-237
            span: 1:165-238
          - FuncCall:
              name:
                Ident: sort
                span: 1:239-243
              args:
              - Ident: a
                span: 1:244-245
            span: 1:239-245
        span: 1:81-245
    span: 1:79-245
