---
source: prqlc/prqlc/tests/integration/cli.rs
info:
  program: prqlc
  args:
    - "--color=never"
    - debug
    - resolve
  env:
    CLICOLOR_FORCE: ""
    NO_COLOR: "1"
    RUST_BACKTRACE: ""
    RUST_LOG: ""
  stdin: from tracks
---
success: false
exit_code: 2
----- stdout -----

----- stderr -----
error: unrecognized subcommand 'resolve'

Usage: prqlc debug [OPTIONS] <COMMAND>

For more information, try '--help'.
