---
source: prqlc/prqlc/tests/integration/queries.rs
expression: "# mssql:test\nlet distinct = rel -> (from t = _param.rel | group {t.*} (take 1))\n\nfrom_text format:json '{ \"columns\": [\"a\"], \"data\": [[1], [2], [2], [3]] }'\ndistinct\nremove (from_text format:json '{ \"columns\": [\"a\"], \"data\": [[1], [2]] }')\nsort a\n"
input_file: prqlc/prqlc/tests/integration/queries/set_ops_remove.prql
---
frames:
- - 1:71-77
  - columns:
    - !Single
      name:
      - t
      - a
      target_id: 26
      target_name: null
    inputs:
    - id: 18
      name: t
      table:
      - default_db
      - _literal_18
- - [std]
  - columns:
    - !Single
      name:
      - t
      - a
      target_id: 26
      target_name: null
    - !Single
      name:
      - b
      - a
      target_id: 12
      target_name: a
    inputs:
    - id: 18
      name: t
      table:
      - default_db
      - _literal_18
    - id: 12
      name: b
      table:
      - default_db
      - _literal_12
- - [std]
  - columns:
    - !Single
      name:
      - t
      - a
      target_id: 26
      target_name: null
    - !Single
      name:
      - b
      - a
      target_id: 12
      target_name: a
    inputs:
    - id: 18
      name: t
      table:
      - default_db
      - _literal_18
    - id: 12
      name: b
      table:
      - default_db
      - _literal_12
- - 1:165-238
  - columns:
    - !Single
      name:
      - t
      - a
      target_id: 67
      target_name: null
    inputs:
    - id: 18
      name: t
      table:
      - default_db
      - _literal_18
    - id: 12
      name: b
      table:
      - default_db
      - _literal_12
- - 1:239-245
  - columns:
    - !Single
      name:
      - t
      - a
      target_id: 67
      target_name: null
    inputs:
    - id: 18
      name: t
      table:
      - default_db
      - _literal_18
    - id: 12
      name: b
      table:
      - default_db
      - _literal_12
nodes:
- id: 12
  kind: Array
  span: 1:173-237
  parent: 59
- id: 18
  kind: Array
  span: 1:36-55
  parent: 44
- id: 26
  kind: Ident
  ident: !Ident
  - this
  - t
  - a
  targets:
  - 18
  parent: 28
- id: 28
  kind: Tuple
  span: 1:64-69
  children:
  - 26
- id: 44
  kind: 'TransformCall: Take'
  span: 1:71-77
  children:
  - 18
  - 45
  parent: 59
- id: 45
  kind: Literal
  parent: 44
- id: 50
  kind: Ident
  ident: !Ident
  - this
  - t
  - a
  targets:
  - 26
- id: 52
  kind: Ident
  ident: !Ident
  - that
  - b
  - a
  targets:
  - 12
- id: 57
  kind: RqOperator
  span: [std]
  targets:
  - 50
  - 52
  parent: 59
- id: 59
  kind: 'TransformCall: Join'
  span: [std]
  children:
  - 44
  - 12
  - 57
  parent: 66
- id: 62
  kind: Ident
  span: [std]
  ident: !Ident
  - this
  - b
  - a
  targets:
  - 12
- id: 66
  kind: 'TransformCall: Filter'
  span: [std]
  children:
  - 59
  - 4000000155
  parent: 69
- id: 67
  kind: Ident
  ident: !Ident
  - this
  - t
  - a
  targets:
  - 26
  parent: 68
- id: 68
  kind: Tuple
  span: [std]
  children:
  - 67
  parent: 69
- id: 69
  kind: 'TransformCall: Select'
  span: 1:165-238
  children:
  - 66
  - 68
  parent: 72
- id: 70
  kind: Ident
  span: 1:244-245
  ident: !Ident
  - this
  - t
  - a
  targets:
  - 67
  parent: 72
- id: 72
  kind: 'TransformCall: Sort'
  span: 1:239-245
  children:
  - 69
  - 70
- id: 4000000155
  kind: RqOperator
  span: [std]
  targets:
  - 62
  - 4000000157
  parent: 66
- id: 4000000157
  kind: Literal
  span: [std]
ast:
  name: Project
  stmts:
  - VarDef:
      kind: Let
      name: distinct
      value:
        Func:
          return_ty: null
          body:
            Pipeline:
              exprs:
              - FuncCall:
                  name:
                    Ident:
                    - from
                    span: 1:36-40
                  args:
                  - Ident:
                    - _param
                    - rel
                    span: 1:45-55
                    alias: t
                span: 1:36-55
              - FuncCall:
                  name:
                    Ident:
                    - group
                    span: 1:58-63
                  args:
                  - Tuple:
                    - Ident:
                      - t
                      - '*'
                      span: 1:65-68
                    span: 1:64-69
                  - FuncCall:
                      name:
                        Ident:
                        - take
                        span: 1:71-75
                      args:
                      - Literal:
                          Integer: 1
                        span: 1:76-77
                    span: 1:71-77
                span: 1:58-78
            span: 1:35-79
          params:
          - name: rel
            default_value: null
          named_params: []
        span: 1:28-79
    span: 1:0-79
  - VarDef:
      kind: Main
      name: main
      value:
        Pipeline:
          exprs:
          - FuncCall:
              name:
                Ident:
                - from_text
                span: 1:81-90
              args:
              - Literal:
                  String: '{ "columns": ["a"], "data": [[1], [2], [2], [3]] }'
                span: 1:103-155
              named_args:
                format:
                  Ident:
                  - json
                  span: 1:98-102
            span: 1:81-155
          - Ident:
            - distinct
            span: 1:156-164
          - FuncCall:
              name:
                Ident:
                - remove
                span: 1:165-171
              args:
              - FuncCall:
                  name:
                    Ident:
                    - from_text
                    span: 1:173-182
                  args:
                  - Literal:
                      String: '{ "columns": ["a"], "data": [[1], [2]] }'
                    span: 1:195-237
                  named_args:
                    format:
                      Ident:
                      - json
                      span: 1:190-194
                span: 1:173-237
            span: 1:165-238
          - FuncCall:
              name:
                Ident:
                - sort
                span: 1:239-243
              args:
              - Ident:
                - a
                span: 1:244-245
            span: 1:239-245
        span: 1:81-245
    span: 1:79-245
