---
source: prqlc/prqlc/tests/integration/queries.rs
expression: tokens
input_file: prqlc/prqlc/tests/integration/queries/sort.prql
---
TokenVec (
  0..12: Comment(" mssql:test"),
  12..13: NewLine,
  13..17: Ident("from"),
  18..19: Ident("e"),
  19..20: Control('='),
  20..29: Ident("employees"),
  29..30: NewLine,
  30..36: Ident("filter"),
  37..47: Ident("first_name"),
  48..50: Ne,
  51..61: Literal(String("Mitchell")),
  61..62: NewLine,
  62..66: Ident("sort"),
  67..68: Control('{'),
  68..78: Ident("first_name"),
  78..79: Control(','),
  80..89: Ident("last_name"),
  89..90: Control('}'),
  90..91: NewLine,
  91..92: NewLine,
  92..144: Comment(" joining may use HashMerge, which can undo ORDER BY"),
  144..145: NewLine,
  145..149: Ident("join"),
  150..157: Ident("manager"),
  157..158: Control('='),
  158..167: Ident("employees"),
  168..172: Ident("side"),
  172..173: Control(':'),
  173..177: Ident("left"),
  178..179: Control('('),
  179..180: Ident("e"),
  180..181: Control('.'),
  181..191: Ident("reports_to"),
  192..194: Eq,
  195..202: Ident("manager"),
  202..203: Control('.'),
  203..214: Ident("employee_id"),
  214..215: Control(')'),
  215..216: NewLine,
  216..217: NewLine,
  217..223: Ident("select"),
  224..225: Control('{'),
  225..226: Ident("e"),
  226..227: Control('.'),
  227..237: Ident("first_name"),
  237..238: Control(','),
  239..240: Ident("e"),
  240..241: Control('.'),
  241..250: Ident("last_name"),
  250..251: Control(','),
  252..259: Ident("manager"),
  259..260: Control('.'),
  260..270: Ident("first_name"),
  270..271: Control('}'),
  271..272: NewLine,
)
