---
source: prqlc/prqlc/tests/integration/queries.rs
expression: tokens
input_file: prqlc/prqlc/tests/integration/queries/date_to_text.prql
---
TokenVec (
  0..14: Comment(" generic:skip"),
  14..15: NewLine,
  15..29: Comment(" glaredb:skip"),
  29..30: NewLine,
  30..43: Comment(" sqlite:skip"),
  43..44: NewLine,
  44..56: Comment(" mssql:test"),
  56..57: NewLine,
  57..61: Ident("from"),
  62..64: Ident("db"),
  64..65: Control('.'),
  65..73: Ident("invoices"),
  73..74: NewLine,
  74..78: Ident("take"),
  79..81: Literal(Integer(20)),
  81..82: NewLine,
  82..88: Ident("select"),
  89..90: Control('{'),
  90..91: NewLine,
  95..97: Ident("d1"),
  98..99: Control('='),
  100..101: Control('('),
  101..113: Ident("invoice_date"),
  114..115: Control('|'),
  116..120: Ident("date"),
  120..121: Control('.'),
  121..128: Ident("to_text"),
  129..139: Literal(String("%Y/%m/%d")),
  139..140: Control(')'),
  140..141: Control(','),
  141..142: NewLine,
  146..148: Ident("d2"),
  149..150: Control('='),
  151..152: Control('('),
  152..164: Ident("invoice_date"),
  165..166: Control('|'),
  167..171: Ident("date"),
  171..172: Control('.'),
  172..179: Ident("to_text"),
  180..184: Literal(String("%F")),
  184..185: Control(')'),
  185..186: Control(','),
  186..187: NewLine,
  191..193: Ident("d3"),
  194..195: Control('='),
  196..197: Control('('),
  197..209: Ident("invoice_date"),
  210..211: Control('|'),
  212..216: Ident("date"),
  216..217: Control('.'),
  217..224: Ident("to_text"),
  225..229: Literal(String("%D")),
  229..230: Control(')'),
  230..231: Control(','),
  231..232: NewLine,
  236..238: Ident("d4"),
  239..240: Control('='),
  241..242: Control('('),
  242..254: Ident("invoice_date"),
  255..256: Control('|'),
  257..261: Ident("date"),
  261..262: Control('.'),
  262..269: Ident("to_text"),
  270..283: Literal(String("%H:%M:%S.%f")),
  283..284: Control(')'),
  284..285: Control(','),
  285..286: NewLine,
  290..292: Ident("d5"),
  293..294: Control('='),
  295..296: Control('('),
  296..308: Ident("invoice_date"),
  309..310: Control('|'),
  311..315: Ident("date"),
  315..316: Control('.'),
  316..323: Ident("to_text"),
  324..328: Literal(String("%r")),
  328..329: Control(')'),
  329..330: Control(','),
  330..331: NewLine,
  335..337: Ident("d6"),
  338..339: Control('='),
  340..341: Control('('),
  341..353: Ident("invoice_date"),
  354..355: Control('|'),
  356..360: Ident("date"),
  360..361: Control('.'),
  361..368: Ident("to_text"),
  369..383: Literal(String("%A %B %-d %Y")),
  383..384: Control(')'),
  384..385: Control(','),
  385..386: NewLine,
  390..392: Ident("d7"),
  393..394: Control('='),
  395..396: Control('('),
  396..408: Ident("invoice_date"),
  409..410: Control('|'),
  411..415: Ident("date"),
  415..416: Control('.'),
  416..423: Ident("to_text"),
  424..454: Literal(String("%a, %-d %b %Y at %I:%M:%S %p")),
  454..455: Control(')'),
  455..456: Control(','),
  456..457: NewLine,
  461..463: Ident("d8"),
  464..465: Control('='),
  466..467: Control('('),
  467..479: Ident("invoice_date"),
  480..481: Control('|'),
  482..486: Ident("date"),
  486..487: Control('.'),
  487..494: Ident("to_text"),
  495..499: Literal(String("%+")),
  499..500: Control(')'),
  500..501: Control(','),
  501..502: NewLine,
  506..508: Ident("d9"),
  509..510: Control('='),
  511..512: Control('('),
  512..524: Ident("invoice_date"),
  525..526: Control('|'),
  527..531: Ident("date"),
  531..532: Control('.'),
  532..539: Ident("to_text"),
  540..552: Literal(String("%-d/%-m/%y")),
  552..553: Control(')'),
  553..554: Control(','),
  554..555: NewLine,
  559..562: Ident("d10"),
  563..564: Control('='),
  565..566: Control('('),
  566..578: Ident("invoice_date"),
  579..580: Control('|'),
  581..585: Ident("date"),
  585..586: Control('.'),
  586..593: Ident("to_text"),
  594..606: Literal(String("%-Hh %Mmin")),
  606..607: Control(')'),
  607..608: Control(','),
  608..609: NewLine,
  613..616: Ident("d11"),
  617..618: Control('='),
  619..620: Control('('),
  620..632: Ident("invoice_date"),
  633..634: Control('|'),
  635..639: Ident("date"),
  639..640: Control('.'),
  640..647: Ident("to_text"),
  648..657: Literal(String("%M'%S\"")),
  657..658: Control(')'),
  658..659: Control(','),
  659..660: NewLine,
  664..667: Ident("d12"),
  668..669: Control('='),
  670..671: Control('('),
  671..683: Ident("invoice_date"),
  684..685: Control('|'),
  686..690: Ident("date"),
  690..691: Control('.'),
  691..698: Ident("to_text"),
  699..717: Literal(String("100%% in %d days")),
  717..718: Control(')'),
  718..719: Control(','),
  719..720: NewLine,
  720..721: Control('}'),
  721..722: NewLine,
)
