---
source: prqlc/prqlc/tests/integration/queries.rs
expression: "# mssql:test\nlet distinct = rel -> (rel | group this (take 1))\n\nstd.from_text format:json '{ \"columns\": [\"a\"], \"data\": [[1], [2], [2], [3]] }'\nmodule.distinct\nremove (std.from_text format:json '{ \"columns\": [\"a\"], \"data\": [[1], [2]] }')\nsort a\n"
input_file: prqlc/prqlc/tests/integration/queries/set_ops_remove.prql
---
let distinct = func rel -> (rel | group this (take 1))

std.from_text format:json '{ "columns": ["a"], "data": [[1], [2], [2], [3]] }'
module.distinct
remove (std.from_text format:json '{ "columns": ["a"], "data": [[1], [2]] }')
sort a
