---
source: prqlc/prqlc/tests/integration/queries.rs
expression: tokens
input_file: prqlc/prqlc/tests/integration/queries/sort_with_aggregation.prql
---
Tokens(
    [
        0..0: Start,
        0..4: Ident("from"),
        5..11: Ident("albums"),
        11..12: NewLine,
        12..16: Ident("sort"),
        17..26: Ident("artist_id"),
        26..27: NewLine,
        27..36: Ident("aggregate"),
        37..38: Control('{'),
        39..52: Ident("artist_number"),
        53..54: Control('='),
        55..60: Ident("count"),
        61..70: Ident("artist_id"),
        71..72: Control('}'),
        72..73: NewLine,
    ],
)
