---
source: prqlc/prqlc/tests/integration/queries.rs
expression: tokens
input_file: prqlc/prqlc/tests/integration/queries/date_to_text.prql
---
Tokens(
    [
        0..0: Start,
        0..14: Comment(" generic:skip"),
        14..15: NewLine,
        15..28: Comment(" sqlite:skip"),
        28..29: NewLine,
        29..41: Comment(" mssql:test"),
        41..42: NewLine,
        42..46: Ident("from"),
        47..55: Ident("invoices"),
        55..56: NewLine,
        56..60: Ident("take"),
        61..63: Literal(Integer(20)),
        63..64: NewLine,
        64..70: Ident("select"),
        71..72: Control('{'),
        72..73: NewLine,
        77..79: Ident("d1"),
        80..81: Control('='),
        82..83: Control('('),
        83..95: Ident("invoice_date"),
        96..97: Control('|'),
        98..102: Ident("date"),
        102..103: Control('.'),
        103..110: Ident("to_text"),
        111..121: Literal(String("%Y/%m/%d")),
        121..122: Control(')'),
        122..123: Control(','),
        123..124: NewLine,
        128..130: Ident("d2"),
        131..132: Control('='),
        133..134: Control('('),
        134..146: Ident("invoice_date"),
        147..148: Control('|'),
        149..153: Ident("date"),
        153..154: Control('.'),
        154..161: Ident("to_text"),
        162..166: Literal(String("%F")),
        166..167: Control(')'),
        167..168: Control(','),
        168..169: NewLine,
        173..175: Ident("d3"),
        176..177: Control('='),
        178..179: Control('('),
        179..191: Ident("invoice_date"),
        192..193: Control('|'),
        194..198: Ident("date"),
        198..199: Control('.'),
        199..206: Ident("to_text"),
        207..211: Literal(String("%D")),
        211..212: Control(')'),
        212..213: Control(','),
        213..214: NewLine,
        218..220: Ident("d4"),
        221..222: Control('='),
        223..224: Control('('),
        224..236: Ident("invoice_date"),
        237..238: Control('|'),
        239..243: Ident("date"),
        243..244: Control('.'),
        244..251: Ident("to_text"),
        252..265: Literal(String("%H:%M:%S.%f")),
        265..266: Control(')'),
        266..267: Control(','),
        267..268: NewLine,
        272..274: Ident("d5"),
        275..276: Control('='),
        277..278: Control('('),
        278..290: Ident("invoice_date"),
        291..292: Control('|'),
        293..297: Ident("date"),
        297..298: Control('.'),
        298..305: Ident("to_text"),
        306..310: Literal(String("%r")),
        310..311: Control(')'),
        311..312: Control(','),
        312..313: NewLine,
        317..319: Ident("d6"),
        320..321: Control('='),
        322..323: Control('('),
        323..335: Ident("invoice_date"),
        336..337: Control('|'),
        338..342: Ident("date"),
        342..343: Control('.'),
        343..350: Ident("to_text"),
        351..365: Literal(String("%A %B %-d %Y")),
        365..366: Control(')'),
        366..367: Control(','),
        367..368: NewLine,
        372..374: Ident("d7"),
        375..376: Control('='),
        377..378: Control('('),
        378..390: Ident("invoice_date"),
        391..392: Control('|'),
        393..397: Ident("date"),
        397..398: Control('.'),
        398..405: Ident("to_text"),
        406..436: Literal(String("%a, %-d %b %Y at %I:%M:%S %p")),
        436..437: Control(')'),
        437..438: Control(','),
        438..439: NewLine,
        443..445: Ident("d8"),
        446..447: Control('='),
        448..449: Control('('),
        449..461: Ident("invoice_date"),
        462..463: Control('|'),
        464..468: Ident("date"),
        468..469: Control('.'),
        469..476: Ident("to_text"),
        477..481: Literal(String("%+")),
        481..482: Control(')'),
        482..483: Control(','),
        483..484: NewLine,
        488..490: Ident("d9"),
        491..492: Control('='),
        493..494: Control('('),
        494..506: Ident("invoice_date"),
        507..508: Control('|'),
        509..513: Ident("date"),
        513..514: Control('.'),
        514..521: Ident("to_text"),
        522..534: Literal(String("%-d/%-m/%y")),
        534..535: Control(')'),
        535..536: Control(','),
        536..537: NewLine,
        541..544: Ident("d10"),
        545..546: Control('='),
        547..548: Control('('),
        548..560: Ident("invoice_date"),
        561..562: Control('|'),
        563..567: Ident("date"),
        567..568: Control('.'),
        568..575: Ident("to_text"),
        576..588: Literal(String("%-Hh %Mmin")),
        588..589: Control(')'),
        589..590: Control(','),
        590..591: NewLine,
        595..598: Ident("d11"),
        599..600: Control('='),
        601..602: Control('('),
        602..614: Ident("invoice_date"),
        615..616: Control('|'),
        617..621: Ident("date"),
        621..622: Control('.'),
        622..629: Ident("to_text"),
        630..639: Literal(String("%M'%S\"")),
        639..640: Control(')'),
        640..641: Control(','),
        641..642: NewLine,
        646..649: Ident("d12"),
        650..651: Control('='),
        652..653: Control('('),
        653..665: Ident("invoice_date"),
        666..667: Control('|'),
        668..672: Ident("date"),
        672..673: Control('.'),
        673..680: Ident("to_text"),
        681..699: Literal(String("100%% in %d days")),
        699..700: Control(')'),
        700..701: Control(','),
        701..702: NewLine,
        702..703: Control('}'),
        703..704: NewLine,
    ],
)
