---
source: prqlc/prqlc/tests/integration/queries.rs
expression: "s\"SELECT album_id,title,artist_id FROM albums\"\ngroup {artist_id} (aggregate { album_title_count = count this.`title`})\nsort {this.artist_id, this.album_title_count}\nfilter (this.album_title_count) > 10\nderive {new_album_count = this.album_title_count}\nselect {this.artist_id, this.new_album_count}\njoin side:left ( s\"SELECT artist_id,name as artist_name FROM artists\" ) (this.artist_id == that.artist_id)\n"
input_file: prqlc/prqlc/tests/integration/queries/group_sort_filter_derive_select_join.prql
---
frames:
- - 1:66-117
  - columns:
    - !Single
      name:
      - _literal_21
      - artist_id
      target_id: 22
      target_name: null
    - !Single
      name:
      - album_title_count
      target_id: 41
      target_name: null
    inputs:
    - id: 21
      name: _literal_21
      table:
      - default_db
      - _literal_21
- - 1:119-164
  - columns:
    - !Single
      name:
      - _literal_21
      - artist_id
      target_id: 22
      target_name: null
    - !Single
      name:
      - album_title_count
      target_id: 41
      target_name: null
    inputs:
    - id: 21
      name: _literal_21
      table:
      - default_db
      - _literal_21
- - 1:165-201
  - columns:
    - !Single
      name:
      - _literal_21
      - artist_id
      target_id: 22
      target_name: null
    - !Single
      name:
      - album_title_count
      target_id: 41
      target_name: null
    inputs:
    - id: 21
      name: _literal_21
      table:
      - default_db
      - _literal_21
- - 1:202-251
  - columns:
    - !Single
      name:
      - _literal_21
      - artist_id
      target_id: 22
      target_name: null
    - !Single
      name:
      - album_title_count
      target_id: 41
      target_name: null
    - !Single
      name:
      - new_album_count
      target_id: 56
      target_name: null
    inputs:
    - id: 21
      name: _literal_21
      table:
      - default_db
      - _literal_21
- - 1:252-297
  - columns:
    - !Single
      name:
      - _literal_21
      - artist_id
      target_id: 59
      target_name: null
    - !Single
      name:
      - new_album_count
      target_id: 60
      target_name: null
    inputs:
    - id: 21
      name: _literal_21
      table:
      - default_db
      - _literal_21
- - 1:298-404
  - columns:
    - !Single
      name:
      - _literal_21
      - artist_id
      target_id: 59
      target_name: null
    - !Single
      name:
      - new_album_count
      target_id: 60
      target_name: null
    - !All
      input_id: 5
      except: []
    inputs:
    - id: 21
      name: _literal_21
      table:
      - default_db
      - _literal_21
    - id: 5
      name: _literal_5
      table:
      - default_db
      - _literal_5
nodes:
- id: 5
  kind: SString
  span: 1:315-367
  parent: 67
- id: 21
  kind: SString
  span: 1:0-46
  parent: 44
- id: 22
  kind: Ident
  span: 1:54-63
  ident: !Ident
  - this
  - _literal_21
  - artist_id
  targets:
  - 21
  parent: 23
- id: 23
  kind: Tuple
  span: 1:53-64
  children:
  - 22
  parent: 44
- id: 41
  kind: RqOperator
  span: 1:98-116
  alias: album_title_count
  targets:
  - 42
  parent: 43
- id: 42
  kind: Literal
- id: 43
  kind: Tuple
  span: 1:76-117
  children:
  - 41
  parent: 44
- id: 44
  kind: 'TransformCall: Aggregate'
  span: 1:66-117
  children:
  - 21
  - 43
  - 23
  parent: 50
- id: 47
  kind: Ident
  span: 1:125-139
  ident: !Ident
  - this
  - _literal_21
  - artist_id
  targets:
  - 22
  parent: 50
- id: 48
  kind: Ident
  span: 1:141-163
  ident: !Ident
  - this
  - album_title_count
  targets:
  - 41
  parent: 50
- id: 50
  kind: 'TransformCall: Sort'
  span: 1:119-164
  children:
  - 44
  - 47
  - 48
  parent: 55
- id: 51
  kind: RqOperator
  span: 1:172-201
  targets:
  - 53
  - 54
  parent: 55
- id: 53
  kind: Ident
  span: 1:173-195
  ident: !Ident
  - this
  - album_title_count
  targets:
  - 41
- id: 54
  kind: Literal
  span: 1:199-201
- id: 55
  kind: 'TransformCall: Filter'
  span: 1:165-201
  children:
  - 50
  - 51
  parent: 58
- id: 56
  kind: Ident
  span: 1:228-250
  alias: new_album_count
  ident: !Ident
  - this
  - album_title_count
  targets:
  - 41
  parent: 57
- id: 57
  kind: Tuple
  span: 1:209-251
  children:
  - 56
  parent: 58
- id: 58
  kind: 'TransformCall: Derive'
  span: 1:202-251
  children:
  - 55
  - 57
  parent: 62
- id: 59
  kind: Ident
  span: 1:260-274
  ident: !Ident
  - this
  - _literal_21
  - artist_id
  targets:
  - 22
  parent: 61
- id: 60
  kind: Ident
  span: 1:276-296
  ident: !Ident
  - this
  - new_album_count
  targets:
  - 56
  parent: 61
- id: 61
  kind: Tuple
  span: 1:259-297
  children:
  - 59
  - 60
  parent: 62
- id: 62
  kind: 'TransformCall: Select'
  span: 1:252-297
  children:
  - 58
  - 61
  parent: 67
- id: 63
  kind: RqOperator
  span: 1:371-403
  targets:
  - 65
  - 66
  parent: 67
- id: 65
  kind: Ident
  span: 1:371-385
  ident: !Ident
  - this
  - _literal_21
  - artist_id
  targets:
  - 59
- id: 66
  kind: Ident
  span: 1:389-403
  ident: !Ident
  - that
  - _literal_5
  - artist_id
  targets:
  - 5
- id: 67
  kind: 'TransformCall: Join'
  span: 1:298-404
  children:
  - 62
  - 5
  - 63
ast:
  name: Project
  stmts:
  - VarDef:
      kind: Main
      name: main
      value:
        Pipeline:
          exprs:
          - SString:
            - !String SELECT album_id,title,artist_id FROM albums
            span: 1:0-46
          - FuncCall:
              name:
                Ident:
                - group
                span: 1:47-52
              args:
              - Tuple:
                - Ident:
                  - artist_id
                  span: 1:54-63
                span: 1:53-64
              - FuncCall:
                  name:
                    Ident:
                    - aggregate
                    span: 1:66-75
                  args:
                  - Tuple:
                    - FuncCall:
                        name:
                          Ident:
                          - count
                          span: 1:98-103
                        args:
                        - Ident:
                          - this
                          - title
                          span: 1:104-116
                      span: 1:98-116
                      alias: album_title_count
                    span: 1:76-117
                span: 1:66-117
            span: 1:47-118
          - FuncCall:
              name:
                Ident:
                - sort
                span: 1:119-123
              args:
              - Tuple:
                - Ident:
                  - this
                  - artist_id
                  span: 1:125-139
                - Ident:
                  - this
                  - album_title_count
                  span: 1:141-163
                span: 1:124-164
            span: 1:119-164
          - FuncCall:
              name:
                Ident:
                - filter
                span: 1:165-171
              args:
              - Binary:
                  left:
                    Ident:
                    - this
                    - album_title_count
                    span: 1:173-195
                  op: Gt
                  right:
                    Literal:
                      Integer: 10
                    span: 1:199-201
                span: 1:172-201
            span: 1:165-201
          - FuncCall:
              name:
                Ident:
                - derive
                span: 1:202-208
              args:
              - Tuple:
                - Ident:
                  - this
                  - album_title_count
                  span: 1:228-250
                  alias: new_album_count
                span: 1:209-251
            span: 1:202-251
          - FuncCall:
              name:
                Ident:
                - select
                span: 1:252-258
              args:
              - Tuple:
                - Ident:
                  - this
                  - artist_id
                  span: 1:260-274
                - Ident:
                  - this
                  - new_album_count
                  span: 1:276-296
                span: 1:259-297
            span: 1:252-297
          - FuncCall:
              name:
                Ident:
                - join
                span: 1:298-302
              args:
              - SString:
                - !String SELECT artist_id,name as artist_name FROM artists
                span: 1:315-367
              - Binary:
                  left:
                    Ident:
                    - this
                    - artist_id
                    span: 1:371-385
                  op: Eq
                  right:
                    Ident:
                    - that
                    - artist_id
                    span: 1:389-403
                span: 1:371-403
              named_args:
                side:
                  Ident:
                  - left
                  span: 1:308-312
            span: 1:298-404
        span: 1:0-404
    span: 1:0-404
