---
source: prqlc/prqlc/tests/integration/queries.rs
expression: "# mssql:test\nfrom tracks\nselect {genre_id, media_type_id, album_id}\ngroup {genre_id, media_type_id} (sort {-album_id} | take 1)\nsort {-genre_id, media_type_id}\n"
input_file: prqlc/prqlc/tests/integration/queries/distinct_on.prql
---
frames:
- - 1:25-67
  - columns:
    - !Single
      name:
      - tracks
      - genre_id
      target_id: 14
      target_name: null
    - !Single
      name:
      - tracks
      - media_type_id
      target_id: 15
      target_name: null
    - !Single
      name:
      - tracks
      - album_id
      target_id: 16
      target_name: null
    inputs:
    - id: 13
      name: tracks
      table:
      - default_db
      - tracks
- - 1:120-126
  - columns:
    - !Single
      name:
      - tracks
      - genre_id
      target_id: 19
      target_name: null
    - !Single
      name:
      - tracks
      - media_type_id
      target_id: 20
      target_name: null
    - !Single
      name:
      - tracks
      - album_id
      target_id: 16
      target_name: null
    inputs:
    - id: 13
      name: tracks
      table:
      - default_db
      - tracks
- - 1:128-159
  - columns:
    - !Single
      name:
      - tracks
      - genre_id
      target_id: 19
      target_name: null
    - !Single
      name:
      - tracks
      - media_type_id
      target_id: 20
      target_name: null
    - !Single
      name:
      - tracks
      - album_id
      target_id: 16
      target_name: null
    inputs:
    - id: 13
      name: tracks
      table:
      - default_db
      - tracks
nodes:
- id: 13
  kind: Ident
  span: 1:13-24
  ident: !Ident
  - default_db
  - tracks
  parent: 18
- id: 14
  kind: Ident
  span: 1:33-41
  ident: !Ident
  - this
  - tracks
  - genre_id
  targets:
  - 13
  parent: 17
- id: 15
  kind: Ident
  span: 1:43-56
  ident: !Ident
  - this
  - tracks
  - media_type_id
  targets:
  - 13
  parent: 17
- id: 16
  kind: Ident
  span: 1:58-66
  ident: !Ident
  - this
  - tracks
  - album_id
  targets:
  - 13
  parent: 17
- id: 17
  kind: Tuple
  span: 1:32-67
  children:
  - 14
  - 15
  - 16
  parent: 18
- id: 18
  kind: 'TransformCall: Select'
  span: 1:25-67
  children:
  - 13
  - 17
  parent: 50
- id: 19
  kind: Ident
  span: 1:75-83
  ident: !Ident
  - this
  - tracks
  - genre_id
  targets:
  - 14
  parent: 21
- id: 20
  kind: Ident
  span: 1:85-98
  ident: !Ident
  - this
  - tracks
  - media_type_id
  targets:
  - 15
  parent: 21
- id: 21
  kind: Tuple
  span: 1:74-99
  children:
  - 19
  - 20
- id: 46
  kind: Ident
  span: 1:108-116
  ident: !Ident
  - this
  - tracks
  - album_id
  targets:
  - 16
- id: 50
  kind: 'TransformCall: Take'
  span: 1:120-126
  children:
  - 18
  - 51
  parent: 59
- id: 51
  kind: Literal
  parent: 50
- id: 56
  kind: Ident
  span: 1:135-143
  ident: !Ident
  - this
  - tracks
  - genre_id
  targets:
  - 19
  parent: 59
- id: 57
  kind: Ident
  span: 1:145-158
  ident: !Ident
  - this
  - tracks
  - media_type_id
  targets:
  - 20
  parent: 59
- id: 59
  kind: 'TransformCall: Sort'
  span: 1:128-159
  children:
  - 50
  - 56
  - 57
ast:
  name: Project
  stmts:
  - VarDef:
      kind: Main
      name: main
      value:
        Pipeline:
          exprs:
          - FuncCall:
              name:
                Ident:
                - from
                span: 1:13-17
              args:
              - Ident:
                - tracks
                span: 1:18-24
            span: 1:13-24
          - FuncCall:
              name:
                Ident:
                - select
                span: 1:25-31
              args:
              - Tuple:
                - Ident:
                  - genre_id
                  span: 1:33-41
                - Ident:
                  - media_type_id
                  span: 1:43-56
                - Ident:
                  - album_id
                  span: 1:58-66
                span: 1:32-67
            span: 1:25-67
          - FuncCall:
              name:
                Ident:
                - group
                span: 1:68-73
              args:
              - Tuple:
                - Ident:
                  - genre_id
                  span: 1:75-83
                - Ident:
                  - media_type_id
                  span: 1:85-98
                span: 1:74-99
              - Pipeline:
                  exprs:
                  - FuncCall:
                      name:
                        Ident:
                        - sort
                        span: 1:101-105
                      args:
                      - Tuple:
                        - Unary:
                            op: Neg
                            expr:
                              Ident:
                              - album_id
                              span: 1:108-116
                          span: 1:107-116
                        span: 1:106-117
                    span: 1:101-117
                  - FuncCall:
                      name:
                        Ident:
                        - take
                        span: 1:120-124
                      args:
                      - Literal:
                          Integer: 1
                        span: 1:125-126
                    span: 1:120-126
                span: 1:101-126
            span: 1:68-127
          - FuncCall:
              name:
                Ident:
                - sort
                span: 1:128-132
              args:
              - Tuple:
                - Unary:
                    op: Neg
                    expr:
                      Ident:
                      - genre_id
                      span: 1:135-143
                  span: 1:134-143
                - Ident:
                  - media_type_id
                  span: 1:145-158
                span: 1:133-159
            span: 1:128-159
        span: 1:13-159
    span: 1:0-159
