---
source: web/book/tests/documentation/book.rs
expression: "from artists\nderive escapes = \"\\tXYZ\\n \\\\ \"                  # tab (\\t), \"XYZ\", newline (\\n), \" \", \\, \" \"\nderive world = \"\\u0048\\u0065\\u006C\\u006C\\u006F\" # \"Hello\"\nderive hex = \"\\x48\\x65\\x6C\\x6C\\x6F\"             # \"Hello\"\nderive turtle = \"\\U0001F422\"                    # \"🐢\"\n"
---
SELECT
  *,
  '	XYZ
 \ ' AS escapes,
  'Hello' AS world,
  'Hello' AS hex,
  '🐢' AS turtle
FROM
  artists

