---
source: web/book/tests/documentation/book.rs
expression: "from employees\nselect {\n  last_name | string.lower | string.starts_with(\"a\"),\n  title | string.replace \"manager\" \"chief\"\n}\n"
---
SELECT
  LOWER(last_name) LIKE CONCAT('a', '%'),
  REPLACE(title, 'manager', 'chief')
FROM
  employees

