---
source: reference/tests/snapshot.rs
expression: sql
input_file: reference/tests/examples/examples/employees-1-0.prql
---
WITH table_0 AS (
  SELECT
    emp_no,
    gender,
    AVG(salary) AS emp_salary
  FROM
    employees
    JOIN salaries USING(emp_no)
  GROUP BY
    emp_no,
    gender
),
table_1 AS (
  SELECT
    de.dept_no,
    de.gender,
    AVG(table_0.emp_salary) AS salary_avg,
    STDDEV(table_0.emp_salary) AS salary_sd
  FROM
    table_0
    LEFT JOIN dept_emp AS de USING(emp_no)
  GROUP BY
    de.dept_no,
    de.gender
)
SELECT
  departments.dept_name,
  de.gender,
  table_1.salary_avg,
  table_1.salary_sd
FROM
  table_1
  JOIN departments USING(dept_no)
