---
source: prql-compiler/src/semantic/resolver.rs
expression: "resolve_derive(r#\"\n            let add = x to:1 -> x + to\n\n            from foo_table\n            derive [\n                added = add bar to:3,\n                added_default = add bar\n            ]\n            \"#).unwrap()"
---
- id: 19
  Binary:
    left:
      id: 18
      Ident:
        - _frame
        - foo_table
        - bar
      target_id: 8
    op: Add
    right:
      id: 17
      Literal:
        Integer: 3
      ty:
        kind:
          TypeExpr:
            Primitive: Int
  ty:
    kind:
      TypeExpr:
        Union:
          - - ~
            - Primitive: Int
          - - ~
            - Primitive: Float
          - - ~
            - Primitive: Bool
          - - ~
            - Primitive: Text
          - - ~
            - Primitive: Date
          - - ~
            - Primitive: Time
          - - ~
            - Primitive: Timestamp
          - - ~
            - Singleton: "Null"
  alias: added
- id: 26
  Binary:
    left:
      id: 25
      Ident:
        - _frame
        - foo_table
        - bar
      target_id: 8
    op: Add
    right:
      id: 24
      Literal:
        Integer: 1
      ty:
        kind:
          TypeExpr:
            Primitive: Int
  ty:
    kind:
      TypeExpr:
        Union:
          - - ~
            - Primitive: Int
          - - ~
            - Primitive: Float
          - - ~
            - Primitive: Bool
          - - ~
            - Primitive: Text
          - - ~
            - Primitive: Date
          - - ~
            - Primitive: Time
          - - ~
            - Primitive: Timestamp
          - - ~
            - Singleton: "Null"
  alias: added_default

