---
source: prql-compiler/src/semantic/resolver.rs
expression: "resolve_derive(r#\"\n            let lag_day = x -> s\"lag_day_todo({x})\"\n            let ret = x dividend_return ->  x / (lag_day x) - 1 + dividend_return\n\n            from a\n            derive (ret b c)\n            \"#).unwrap()"
---
- id: 158
  RqOperator:
    name: std.add
    args:
      - id: 161
        RqOperator:
          name: std.sub
          args:
            - id: 164
              RqOperator:
                name: std.div_f
                args:
                  - id: 155
                    Ident:
                      - _frame
                      - a
                      - b
                    target_id: 138
                  - id: 170
                    SString:
                      - String: lag_day_todo(
                      - Expr:
                          id: 155
                          Ident:
                            - _frame
                            - a
                            - b
                          target_id: 138
                      - String: )
            - id: 172
              Literal:
                Integer: 1
              ty:
                kind:
                  Primitive: Int
                name: ~
      - id: 156
        Ident:
          - _frame
          - a
          - c
        target_id: 138
  ty:
    kind:
      Union:
        - - int
          - kind:
              Primitive: Int
            name: int
        - - float
          - kind:
              Primitive: Float
            name: float
        - - bool
          - kind:
              Primitive: Bool
            name: bool
        - - text
          - kind:
              Primitive: Text
            name: text
        - - date
          - kind:
              Primitive: Date
            name: date
        - - time
          - kind:
              Primitive: Time
            name: time
        - - timestamp
          - kind:
              Primitive: Timestamp
            name: timestamp
        - - ~
          - kind:
              Singleton: "Null"
            name: ~
        - - tuple_of_scalars
          - kind:
              Tuple:
                - Wildcard:
                    kind:
                      Union:
                        - - int
                          - kind:
                              Primitive: Int
                            name: int
                        - - float
                          - kind:
                              Primitive: Float
                            name: float
                        - - bool
                          - kind:
                              Primitive: Bool
                            name: bool
                        - - text
                          - kind:
                              Primitive: Text
                            name: text
                        - - date
                          - kind:
                              Primitive: Date
                            name: date
                        - - time
                          - kind:
                              Primitive: Time
                            name: time
                        - - timestamp
                          - kind:
                              Primitive: Timestamp
                            name: timestamp
                        - - ~
                          - kind:
                              Singleton: "Null"
                            name: ~
                    name: scalar
            name: tuple_of_scalars
    name: ~

