---
source: prql-compiler/src/semantic/resolver.rs
expression: "resolve_derive(r#\"\n            let add_one = x to:1 -> x + to\n\n            from foo_table\n            derive {\n                added = add_one bar to:3,\n                added_default = add_one bar\n            }\n            \"#).unwrap()"
---
- id: 216
  RqOperator:
    name: std.add
    args:
      - id: 214
        Ident:
          - _frame
          - foo_table
          - bar
        target_id: 179
        ty:
          kind:
            Union:
              - - int
                - kind:
                    Primitive: Int
                  name: int
              - - float
                - kind:
                    Primitive: Float
                  name: float
          name: ~
      - id: 213
        Literal:
          Integer: 3
        ty:
          kind:
            Primitive: Int
          name: ~
  ty:
    kind:
      Union:
        - - int
          - kind:
              Primitive: Int
            name: int
        - - float
          - kind:
              Primitive: Float
            name: float
    name: ~
  alias: added
- id: 264
  RqOperator:
    name: std.add
    args:
      - id: 262
        Ident:
          - _frame
          - foo_table
          - bar
        target_id: 179
        ty:
          kind:
            Union:
              - - int
                - kind:
                    Primitive: Int
                  name: int
              - - float
                - kind:
                    Primitive: Float
                  name: float
          name: ~
      - id: 261
        Literal:
          Integer: 1
        ty:
          kind:
            Primitive: Int
          name: ~
  ty:
    kind:
      Union:
        - - int
          - kind:
              Primitive: Int
            name: int
        - - float
          - kind:
              Primitive: Float
            name: float
    name: ~
  alias: added_default

