---
source: prqlc/prql-compiler/tests/integration/queries.rs
description: "# Running on dialect `sqlite`\n\n# Query:\n---\n# clickhouse:skip (DB::Exception: Syntax error)\n# glaredb:skip (DataFusion does not support recursive CTEs https://github.com/apache/arrow-datafusion/issues/462)\nfrom [{n = 1}]\nselect n = n - 2\nloop (filter n < 4 | select n = n + 1)\nselect n = n * 2\nsort n\n"
expression: "# clickhouse:skip (DB::Exception: Syntax error)\n# glaredb:skip (DataFusion does not support recursive CTEs https://github.com/apache/arrow-datafusion/issues/462)\nfrom [{n = 1}]\nselect n = n - 2\nloop (filter n < 4 | select n = n + 1)\nselect n = n * 2\nsort n\n"
input_file: prqlc/prql-compiler/tests/integration/queries/loop.prql
---
-2
0
2
4
6
8
