---
source: prqlc/prql-compiler/tests/integration/queries.rs
expression: "# Compute the longest song for each genre and sort by genre\n# mssql:test\nfrom tracks\nselect {genre_id,milliseconds}\ngroup {genre_id} (\n  sort {-milliseconds}\n  take 1\n)\njoin genres (==genre_id)\nselect {name, milliseconds}\nsort {+name,-milliseconds}\n"
input_file: prqlc/prql-compiler/tests/integration/queries/group_sort_limit_take_1.prql
---
from tracks
select {genre_id, milliseconds}
group {genre_id} (sort {-milliseconds} | take 1)
join genres (==genre_id)
select {name, milliseconds}
sort {+name, -milliseconds}

