---
source: prql-compiler/tests/integration/main.rs
expression: "# mssql:test\nfrom tracks\nfilter genre_id == 100\nderive empty_name = name == ''\naggregate {sum track_id, concat name, every empty_name, any empty_name}"
input_file: prql-compiler/tests/integration/queries/aggregation.prql
---
from tracks
filter genre_id == 100
derive empty_name = name == ""
aggregate {
  sum track_id,
  concat_array name,
  all empty_name,
  any empty_name,
}

