---
source: crates/prql-compiler/tests/integration/main.rs
description: "# Running on dialect `duckdb`\n\n# Query:\n---\n# sqlite:skip\n# postgres:skip\n# mysql:skip\n# clickhouse:skip (Not implemented yet)\nfrom (read_csv \"data_file_root/media_types.csv\")\n"
expression: "&result"
input_file: crates/prql-compiler/tests/integration/queries/read_csv.prql
---
1,MPEG audio file
2,Protected AAC audio file
3,Protected MPEG-4 video file
4,Purchased AAC audio file
5,AAC audio file
