---
source: book/tests/snapshot.rs
expression: "from employees\n# Requires parentheses, because it's contains a pipe\nderive is_proximate = (distance | in 0..20)\n# Requires parentheses, because it's a function call\nderive total_distance = (sum distance)\n# `??` doesn't require parentheses, as it's not a function call\nderive min_capped_distance = (min distance ?? 5)\n# No parentheses needed, because no function call\nderive travel_time = distance / 40\nderive [\n  # Requires parentheses, because it contains a pipe\n  is_far = (distance | in 100..),\n  # The left value of the range requires parentheses,\n  # because of the minus sign\n  is_negative = (distance | in (-100..0)),\n  # Doesn't require parentheses, because it's in a list (*confusing)!\n  average_distance = average distance,\n]\n# Requires parentheses because of the minus sign\nsort (-distance)\n# A list is fine too\nsort [-distance]\n"
input_file: book/tests/prql/queries/syntax-5.prql
---
SELECT
  *,
  distance BETWEEN 0
  AND 20 AS is_proximate,
  SUM(distance) OVER () AS total_distance,
  MIN(COALESCE(distance, 5)) OVER () AS min_capped_distance,
  distance / 40 AS travel_time,
  distance >= 100 AS is_far,
  distance BETWEEN -100
  AND 0 AS is_negative,
  AVG(distance) OVER () AS average_distance
FROM
  employees
ORDER BY
  distance DESC
