---
source: book/tests/snapshot.rs
expression: "from employees\nsort [s\"substr({first_name}, 2, 5)\"]\n"
input_file: book/tests/prql/transforms/sort-3.prql
---
WITH table_1 AS (
  SELECT
    *,
    substr(first_name, 2, 5) AS _expr_0
  FROM
    employees
  ORDER BY
    _expr_0
)
SELECT
  *
FROM
  table_1
