---
source: prqlc/prql-compiler/src/semantic/resolver/mod.rs
expression: "resolve_derive(r#\"\n            from a\n            derive one = (foo | sum)\n            \"#).unwrap()"
---
- RqOperator:
    name: std.sum
    args:
      - Ident:
          - this
          - a
          - foo
        ty:
          kind:
            Array:
              kind: Any
              span: "2:2069-2076"
              name: ~
          span: "2:2068-2077"
          name: array
  alias: one
  ty:
    kind:
      Union:
        - - ~
          - kind:
              Primitive: Int
            span: "2:4300-4303"
            name: ~
        - - ~
          - kind:
              Primitive: Float
            span: "2:4307-4312"
            name: ~
    span: "2:4300-4312"
    name: ~

