---
source: prqlc/prql-compiler/src/semantic/resolver/mod.rs
expression: "resolve_derive(r#\"\n            from employees\n            derive {\n                gross_salary = salary + payroll_tax,\n                gross_cost =   gross_salary + benefits_cost\n            }\n            \"#).unwrap()"
---
- RqOperator:
    name: std.add
    args:
      - Ident:
          - this
          - employees
          - salary
        ty:
          kind:
            Union:
              - - ~
                - kind:
                    Primitive: Int
                  span: "2:883-886"
                  name: ~
              - - ~
                - kind:
                    Primitive: Float
                  span: "2:890-895"
                  name: ~
              - - ~
                - kind:
                    Primitive: Timestamp
                  span: "2:899-908"
                  name: ~
              - - ~
                - kind:
                    Primitive: Date
                  span: "2:912-916"
                  name: ~
          span: "2:883-916"
          name: ~
      - Ident:
          - this
          - employees
          - payroll_tax
        ty:
          kind:
            Union:
              - - ~
                - kind:
                    Primitive: Int
                  span: "2:924-927"
                  name: ~
              - - ~
                - kind:
                    Primitive: Float
                  span: "2:931-936"
                  name: ~
              - - ~
                - kind:
                    Primitive: Timestamp
                  span: "2:940-949"
                  name: ~
              - - ~
                - kind:
                    Primitive: Date
                  span: "2:953-957"
                  name: ~
          span: "2:924-957"
          name: ~
  alias: gross_salary
  ty:
    kind:
      Union:
        - - ~
          - kind:
              Primitive: Int
            span: "2:963-966"
            name: ~
        - - ~
          - kind:
              Primitive: Float
            span: "2:970-975"
            name: ~
        - - ~
          - kind:
              Primitive: Timestamp
            span: "2:979-988"
            name: ~
        - - ~
          - kind:
              Primitive: Date
            span: "2:992-996"
            name: ~
    span: "2:963-996"
    name: ~
- RqOperator:
    name: std.add
    args:
      - Ident:
          - this
          - gross_salary
        ty:
          kind:
            Union:
              - - ~
                - kind:
                    Primitive: Int
                  span: "2:883-886"
                  name: ~
              - - ~
                - kind:
                    Primitive: Float
                  span: "2:890-895"
                  name: ~
              - - ~
                - kind:
                    Primitive: Timestamp
                  span: "2:899-908"
                  name: ~
              - - ~
                - kind:
                    Primitive: Date
                  span: "2:912-916"
                  name: ~
          span: "2:883-916"
          name: ~
      - Ident:
          - this
          - employees
          - benefits_cost
        ty:
          kind:
            Union:
              - - ~
                - kind:
                    Primitive: Int
                  span: "2:924-927"
                  name: ~
              - - ~
                - kind:
                    Primitive: Float
                  span: "2:931-936"
                  name: ~
              - - ~
                - kind:
                    Primitive: Timestamp
                  span: "2:940-949"
                  name: ~
              - - ~
                - kind:
                    Primitive: Date
                  span: "2:953-957"
                  name: ~
          span: "2:924-957"
          name: ~
  alias: gross_cost
  ty:
    kind:
      Union:
        - - ~
          - kind:
              Primitive: Int
            span: "2:963-966"
            name: ~
        - - ~
          - kind:
              Primitive: Float
            span: "2:970-975"
            name: ~
        - - ~
          - kind:
              Primitive: Timestamp
            span: "2:979-988"
            name: ~
        - - ~
          - kind:
              Primitive: Date
            span: "2:992-996"
            name: ~
    span: "2:963-996"
    name: ~

