---
source: prqlc/prqlc/src/semantic/resolver/mod.rs
expression: "resolve_derive(r#\"\n            from a\n            derive one = (foo | sum)\n            \"#).unwrap()"
---
- RqOperator:
    name: std.sum
    args:
      - Ident:
          - this
          - a
          - foo
        ty:
          kind:
            Array:
              kind: Any
              span: "2:1929-1936"
              name: ~
          span: "2:1928-1937"
          name: array
  alias: one
  ty:
    kind:
      Union:
        - - ~
          - kind:
              Primitive: Int
            span: "2:4121-4124"
            name: ~
        - - ~
          - kind:
              Primitive: Float
            span: "2:4128-4133"
            name: ~
    span: "2:4121-4133"
    name: ~

