---
source: prqlc/prqlc/src/semantic/resolver/transforms.rs
expression: expr
---
TransformCall:
  input:
    Ident:
      - default_db
      - c_invoice
    span: "1:9-23"
    ty:
      kind:
        Array:
          kind:
            Tuple:
              - Wildcard: ~
          span: "[std]"
          name: ~
      span: "[std]"
      name: relation
    lineage:
      columns:
        - All:
            input_id: 7
            except: []
      inputs:
        - id: 7
          name: c_invoice
          table:
            - default_db
            - c_invoice
  kind:
    Aggregate:
      assigns:
        Tuple:
          - RqOperator:
              name: std.average
              args:
                - Ident:
                    - this
                    - c_invoice
                    - amount
                  span: "1:81-87"
                  ty:
                    kind:
                      Array: ~
                    span: "[std]"
                    name: array
            span: "1:73-87"
        span: "1:73-87"
        ty:
          kind:
            Tuple:
              - Single:
                  - ~
                  - ~
          span: ~
          name: ~
  partition:
    Tuple:
      - Ident:
          - this
          - c_invoice
          - issued_at
        span: "1:38-47"
    span: "1:38-47"
    ty:
      kind:
        Tuple:
          - Single:
              - issued_at
              - ~
      span: ~
      name: ~
span: "1:62-88"
ty:
  kind:
    Array:
      kind:
        Tuple:
          - Single:
              - issued_at
              - ~
          - Single:
              - ~
              - ~
      span: ~
      name: ~
  span: ~
  name: ~
lineage:
  columns:
    - Single:
        name:
          - c_invoice
          - issued_at
        target_id: 8
        target_name: ~
    - Single:
        name: ~
        target_id: 24
        target_name: ~
  inputs:
    - id: 7
      name: c_invoice
      table:
        - default_db
        - c_invoice
