---
source: prqlc/prqlc/src/semantic/resolver/mod.rs
expression: "resolve_derive(r#\"\n            let plus_one = x -> x + 1\n            let plus = x y -> x + y\n\n            from.a\n            derive {b = (sum foo | plus_one | plus 2)}\n            \"#).unwrap()"
---
- RqOperator:
    name: std.add
    args:
      - Literal:
          Integer: 2
        ty:
          kind:
            Primitive: Int
          span: ~
          name: ~
      - RqOperator:
          name: std.add
          args:
            - RqOperator:
                name: std.sum
                args:
                  - Ident:
                      - this
                      - a
                      - foo
                    ty:
                      kind:
                        Array:
                          kind: Any
                          span: "0:1929-1936"
                          name: ~
                      span: "0:1928-1937"
                      name: array
              ty:
                kind:
                  Union:
                    - - ~
                      - kind:
                          Primitive: Int
                        span: "0:3996-3999"
                        name: ~
                    - - ~
                      - kind:
                          Primitive: Float
                        span: "0:4003-4008"
                        name: ~
                span: "0:3996-4008"
                name: ~
            - Literal:
                Integer: 1
              ty:
                kind:
                  Primitive: Int
                span: ~
                name: ~
        ty:
          kind:
            Union:
              - - ~
                - kind:
                    Primitive: Int
                  span: "0:893-896"
                  name: ~
              - - ~
                - kind:
                    Primitive: Float
                  span: "0:900-905"
                  name: ~
              - - ~
                - kind:
                    Primitive: Timestamp
                  span: "0:909-918"
                  name: ~
              - - ~
                - kind:
                    Primitive: Date
                  span: "0:922-926"
                  name: ~
          span: "0:893-926"
          name: ~
  alias: b
  ty:
    kind:
      Union:
        - - ~
          - kind:
              Primitive: Int
            span: "0:893-896"
            name: ~
        - - ~
          - kind:
              Primitive: Float
            span: "0:900-905"
            name: ~
        - - ~
          - kind:
              Primitive: Timestamp
            span: "0:909-918"
            name: ~
        - - ~
          - kind:
              Primitive: Date
            span: "0:922-926"
            name: ~
    span: "0:893-926"
    name: ~

