---
source: src/parser.rs
assertion_line: 258
expression: "parse(parse_to_pest_tree(\"func plus_one x = x + 1\", Rule::function).unwrap())"

---
Ok(
    [
        Function(
            Function {
                name: "plus_one",
                args: [
                    "x",
                ],
                body: [
                    Ident(
                        "x",
                    ),
                    Raw(
                        "+",
                    ),
                    Raw(
                        "1",
                    ),
                ],
            },
        ),
    ],
)
